WARNING: A restricted method in java.lang.System has been called
WARNING: java.lang.System::load has been called by org.fusesource.jansi.internal.JansiLoader in an unnamed module (file:/Users/julienbattaglia/.maestro/lib/jansi-2.4.1.jar)
WARNING: Use --enable-native-access=ALL-UNNAMED to avoid a warning for callers in this module
WARNING: Restricted methods will be blocked in a future release unless native access is enabled

Running on iPhone 16e - iOS 26.2 - 9C9E9AAE-C3CF-49B8-B06D-625004880A9B
 > Flow bug__S005__landing_anonymous_cta_to_home
Launch app "ch.mint.app" with clear state... COMPLETED
Run flow when "Je comprends, on y va" is visible...
Run flow when "Je comprends, on y va" is visible... SKIPPED
Assert that "Parle à Mint" is visible... COMPLETED
Wait for animation to end... COMPLETED
Assert that ".*Continuer sans compte.*" is visible... COMPLETED
Assert that ".*Continuer sans compte.*" is visible... COMPLETED
Tap on ".*Continuer sans compte.*"... COMPLETED
Wait for animation to end... COMPLETED
Run flow when ".*Ouvrir.*" is visible...
  Tap on ".*Ouvrir.*"... COMPLETED
  Wait for animation to end... COMPLETED
Run flow when ".*Ouvrir.*" is visible... COMPLETED
Run flow when ".*Je regarde d’abord.*" is visible...
  Tap on ".*Je regarde d’abord.*"... COMPLETED
  Wait for animation to end... COMPLETED
Run flow when ".*Je regarde d’abord.*" is visible... COMPLETED
Run flow when ".*États-Unis.*" is visible...
  Tap on ".*Non.*"... COMPLETED
  Wait for animation to end... COMPLETED
Run flow when ".*États-Unis.*" is visible... COMPLETED
Run flow when "Quelle est ta nationalité ?" is visible...
  Tap on "Suisse"... COMPLETED
  Wait for animation to end... COMPLETED
Run flow when "Quelle est ta nationalité ?" is visible... COMPLETED
Run flow when "Quelle est ta date de naissance ?" is visible...
  Assert that "Choisir ma date" is visible... COMPLETED
  Tap on "Choisir ma date"... COMPLETED
  Assert that "OK" is visible... COMPLETED
  Tap on ".*15.*juillet.*1992.*"... COMPLETED
  Tap on "OK"... COMPLETED
  Assert that "15.07.1992" is visible... COMPLETED
  Tap on "Continuer"... COMPLETED
  Wait for animation to end... COMPLETED
Run flow when "Quelle est ta date de naissance ?" is visible... COMPLETED
Run flow when "Où tu vis ?" is visible...
  Tap on id: onboarding-canton-vd... COMPLETED
  Wait for animation to end... COMPLETED
Run flow when "Où tu vis ?" is visible... COMPLETED
Run flow when "Combien te tombe net par mois ?" is visible...
  Tap on id: onboarding-revenue-range-continue... COMPLETED
  Wait for animation to end... COMPLETED
Run flow when "Combien te tombe net par mois ?" is visible... COMPLETED
Run flow when "Avant de te montrer…" is visible...
  Tap on id: onboarding-insight-view... COMPLETED
  Wait for animation to end... COMPLETED
Run flow when "Avant de te montrer…" is visible... COMPLETED
Run flow when "Continuer" is visible...
  Tap on id: onboarding-scene-continue... COMPLETED
  Wait for animation to end... COMPLETED
Run flow when "Continuer" is visible... COMPLETED
Run flow when "Plus tard" is visible...
  Tap on id: onboarding-bifurcation-plus-tard... COMPLETED
  Wait for animation to end... COMPLETED
Run flow when "Plus tard" is visible... COMPLETED
Wait for animation to end within 6000 ms... COMPLETED
Assert that ".*Aujourd'hui.*" is visible... COMPLETED
Assert that id: card_cap_du_jour is visible... COMPLETED
Assert that id: mint_card_action_bar is visible... COMPLETED
Take screenshot 96-s005-aujourdhui-landed... COMPLETED
