WARNING: A restricted method in java.lang.System has been called
WARNING: java.lang.System::load has been called by org.fusesource.jansi.internal.JansiLoader in an unnamed module (file:/Users/julienbattaglia/.maestro/lib/jansi-2.4.1.jar)
WARNING: Use --enable-native-access=ALL-UNNAMED to avoid a warning for callers in this module
WARNING: Restricted methods will be blocked in a future release unless native access is enabled

Running on iPhone 17 Pro - iOS 26.2 - B03E429D-0422-4357-B754-536637D979F9
 > Flow retirement_missing_avs
Stop ch.mint.app... COMPLETED
Launch app "ch.mint.app" with clear state... COMPLETED
Tap on (Optional) "Cancel"... WARNED


 Warning: Element not found: Text matching regex: Cancel
Open mint:///data-block/revenu... COMPLETED
Assert that id: salary_input is visible... COMPLETED
Tap on id: salary_input... COMPLETED
Input text 96000... COMPLETED
Tap on id: canton_picker... COMPLETED
Input text VD... COMPLETED
Tap on id: birth_year_input... COMPLETED
Input text 1985... COMPLETED
Tap on id: has_pension_fund_switch... COMPLETED
Scrolling DOWN until id: salary_save_cta is visible with speed 5, visibility percentage 20%, timeout 20000 ms, with centering enabled... COMPLETED
Tap on id: salary_save_cta... COMPLETED
Assert that id: data_block_save_success is visible... COMPLETED
Open mint:///retraite... COMPLETED
Assert that id: retirement_missing_avs_state is visible... COMPLETED
Assert that id: retirement_capital_amount is visible... COMPLETED
Assert that id: retirement_avs_document_cta is visible... COMPLETED
Assert that id: retirement_complete_income is not visible... COMPLETED
Assert that id: retirement_replacement_rate is not visible... COMPLETED
Take screenshot retirement_missing_avs_final... COMPLETED
