00:00 +0: loading /Users/julienbattaglia/Desktop/MINT.nosync/apps/mobile/test/services/financial_core/avs_unofficial_gap_effect_quarantine_test.dart
00:00 +0: G1-AVS-03 mobile quarantine gap-only public pricing helpers and the raw Expat percent are gone
00:00 +0 -1: G1-AVS-03 mobile quarantine gap-only public pricing helpers and the raw Expat percent are gone [E]
  Expected: not contains 'computeMonthlyRente'
    Actual: 'import \'package:mint_mobile/constants/social_insurance.dart\';\r\n'
              'import \'package:mint_mobile/services/financial_core/avs_reference_age.dart\';\r\n'
              'import \'package:mint_mobile/services/regulatory_sync_service.dart\';\r\n'
              '\r\n'
              '// ALL AVS calculations MUST use AvsCalculator from financial_core.\r\n'
              '// See ADR-20260223-unified-financial-engine.md\r\n'
              '// Do NOT create local _calculateAvs() or similar methods.\r\n'
              '\r\n'
              '/// Civil statuses relevant to the AVS household cap.\r\n'
              'enum AvsCoupleLegalStatus { married, registeredPartnership, cohabiting }\r\n'
              '\r\n'
              '/// Benefits that can participate in the LAVS art. 35 cap test.\r\n'
              'enum AvsPensionEntitlement { none, oldAge, disability }\r\n'
              '\r\n'
              '/// RAVS art. 53ter treatment for a percentage of an old-age pension.\r\n'
              'enum AvsOldAgePaymentMode { ordinary, anticipated, deferred }\r\n'
              '\r\n'
              '/// Stable person ownership within a self/partner household calculation.\r\n'
              'enum AvsPersonRole { self, partner }\r\n'
              '\r\n'
              '/// Legal outcome of the AVS couple cap evaluation.\r\n'
              'enum AvsCoupleCapState {\r\n'
              '  applied,\r\n'
              '  notNeeded,\r\n'
              '  notApplicable,\r\n'
              '  legalException,\r\n'
              '  pending,\r\n'
              '}\r\n'
              '\r\n'
              '/// Person-owned, evidence-backed ordinary pension input.\r\n'
              '///\r\n'
              '/// [rawMonthlyPension] is the person\'s uncapped ordinary monthly benefit at\r\n'
              '/// the selected [pensionPercentage]. It is not a salary-derived estimate and\r\n'
              '/// excludes the December supplement.\r\n'
              'class AvsPersonPensionInput {\r\n'
              '  final AvsPersonRole owner;\r\n'
              '  final AvsPensionEntitlement? entitlement;\r\n'
              '  final double? rawMonthlyPension;\r\n'
              '  final int? contributionScale;\r\n'
              '  final double? pensionPercentage;\r\n'
              '  final AvsOldAgePaymentMode? oldAgePaymentMode;\r\n'
              '\r\n'
              '  const AvsPersonPensionInput({\r\n'
              '    required this.owner,\r\n'
              '    this.entitlement,\r\n'
              '    this.rawMonthlyPension,\r\n'
              '    this.contributionScale,\r\n'
              '    this.pensionPercentage,\r\n'
              '    this.oldAgePaymentMode,\r\n'
              '  });\r\n'
              '}\r\n'
              '\r\n'
              '/// Sourced LAVS art. 35 judicial-separation state.\r\n'
              '///\r\n'
              '/// A null envelope is unknown. Addresses, account links, and user silence do\r\n'
              '/// not create this evidence.\r\n'
              'class AvsJudicialSeparationEvidence {\r\n'
              '  final bool isSeparated;\r\n'
              '  final String source;\r\n'
              '\r\n'
              '  const AvsJudicialSeparationEvidence({\r\n'
              '    required this.isSeparated,\r\n'
              '    required this.source,\r\n'
              '  });\r\n'
              '}\r\n'
              '\r\n'
              '/// Complete input boundary for an AVS household cap calculation.\r\n'
              'class AvsCouplePensionInput {\r\n'
              '  final AvsCoupleLegalStatus? legalStatus;\r\n'
              '  final AvsPersonPensionInput self;\r\n'
              '  final AvsPersonPensionInput partner;\r\n'
              '  final AvsJudicialSeparationEvidence? judicialSeparation;\r\n'
              '\r\n'
              '  const AvsCouplePensionInput({\r\n'
              '    required this.legalStatus,\r\n'
              '    required this.self,\r\n'
              '    required this.partner,\r\n'
              '    this.judicialSeparation,\r\n'
              '  });\r\n'
              '}\r\n'
              '\r\n'
              '/// Uncapped and certified-capped pension values owned by one person.\r\n'
              'class AvsPersonPensionResult {\r\n'
              '  final AvsPersonRole owner;\r\n'
              '  final AvsPensionEntitlement? entitlement;\r\n'
              '  final double? rawMonthlyPension;\r\n'
              '  final double? cappedMonthlyPension;\r\n'
              '  final int? contributionScale;\r\n'
              '  final double? scalePercentage;\r\n'
              '  final double? pensionPercentage;\r\n'
              '  final AvsOldAgePaymentMode? oldAgePaymentMode;\r\n'
              '\r\n'
              '  const AvsPersonPensionResult({\r\n'
              '    required this.owner,\r\n'
              '    required this.entitlement,\r\n'
              '    required this.rawMonthlyPension,\r\n'
              '    required this.cappedMonthlyPension,\r\n'
              '    required this.contributionScale,\r\n'
              '    required this.scalePercentage,\r\n'
              '    required this.pensionPercentage,\r\n'
              '    required this.oldAgePaymentMode,\r\n'
              '  });\r\n'
              '}\r\n'
              '\r\n'
              '/// Fail-closed AVS household result under the 2026 legal snapshot.\r\n'
              'class AvsCouplePensionResult {\r\n'
              '  final AvsPersonPensionResult self;\r\n'
              '  final AvsPersonPensionResult partner;\r\n'
              '\r\n'
              '  /// Sum of resolved person-owned raw pensions before a marital cap.\r\n'
              '  ///\r\n'
              '  /// An explicit [AvsPensionEntitlement.none] contributes no component; it is\r\n'
              '  /// never represented as a person pension worth CHF 0.\r\n'
              '  final double? rawHouseholdMonthlyPension;\r\n'
              '\r\n'
              '  /// Certified ordinary monthly household amount after any applicable cap.\r\n'
              '  ///\r\n'
              '  /// This remains null while an applicable incomplete-scale cap lacks the\r\n'
              '  /// versioned official pension-table amount.\r\n'
              '  final double? householdMonthlyPension;\r\n'
              '  final double? weightedScaleRaw;\r\n'
              '  final int? weightedContributionScale;\r\n'
              '\r\n'
              '  /// Scale-weighted base cap before art. 53ter percentage treatment.\r\n'
              '  final double? scaleWeightedMonthlyCap;\r\n'
              '  final double? percentageCapMultiplier;\r\n'
              '\r\n'
              '  /// Educational formula estimate after scale and percentage treatment.\r\n'
              '  ///\r\n'
              '  /// This never certifies an incomplete-scale payable amount.\r\n'
              '  final double? formulaLayerMonthlyCapEstimate;\r\n'
              '\r\n'
              '  /// Certified scale- and percentage-aware payable cap.\r\n'
              '  final double? payableMonthlyCap;\r\n'
              '  final AvsCoupleCapState capState;\r\n'
              '  final List<String> missingFields;\r\n'
              '  final int legalYear;\r\n'
              '  final String legalSource;\r\n'
              '  final String? judicialSeparationSource;\r\n'
              '  final bool requiresOfficialTableRounding;\r\n'
              '\r\n'
              '  AvsCouplePensionResult({\r\n'
              '    required this.self,\r\n'
              '    required this.partner,\r\n'
              '    required this.rawHouseholdMonthlyPension,\r\n'
              '    required this.householdMonthlyPension,\r\n'
              '    required this.weightedScaleRaw,\r\n'
              '    required this.weightedContributionScale,\r\n'
              '    required this.scaleWeightedMonthlyCap,\r\n'
              '    required this.percentageCapMultiplier,\r\n'
              '    required this.formulaLayerMonthlyCapEstimate,\r\n'
              '    required this.payableMonthlyCap,\r\n'
              '    required this.capState,\r\n'
              '    required List<String> missingFields,\r\n'
              '    required this.legalYear,\r\n'
              '    required this.legalSource,\r\n'
              '    required this.judicialSeparationSource,\r\n'
              '    required this.requiresOfficialTableRounding,\r\n'
              '  }) : missingFields = List.unmodifiable(missingFields);\r\n'
              '\r\n'
              '  bool get isHouseholdComplete =>\r\n'
              '      householdMonthlyPension != null &&\r\n'
              '      missingFields.isEmpty &&\r\n'
              '      !requiresOfficialTableRounding;\r\n'
              '}\r\n'
              '\r\n'
              '/// AVS pension calculator — pure static functions.\r\n'
              '///\r\n'
              '/// Legal basis: LAVS art. 21-29, 34, 35, 39, 40.\r\n'
              '/// All computations are deterministic and stateless.\r\n'
              'class AvsCalculator {\r\n'
              '  AvsCalculator._();\r\n'
              '\r\n'
              '  static const int coupleLegalYear = 2026;\r\n'
              '  static const String coupleLegalSource =\r\n'
              '      \'LAVS art. 35; RAVS art. 52; RAVS art. 53; RAVS art. 53bis; \'\r\n'
              '      \'RAVS art. 53ter; \'\r\n'
              '      \'OFAS 2026 pension amounts\';\r\n'
              '\r\n'
              '  /// Compute individual AVS monthly rente.\r\n'
              '  ///\r\n'
              '  /// Takes into account:\r\n'
              '  /// - Contribution duration (lacunes, arrivalAge) — LAVS art. 29\r\n'
              '  /// - Income level via RAMD proxy — LAVS art. 34, echelle 44\r\n'
              '  /// - Early retirement penalty (6.8%/yr from 63) — LAVS art. 40\r\n'
              '  /// - Deferral bonus (up to +31.5% at 70) — LAVS art. 39\r\n'
              '  /// - Gender-aware reference age for AVS21 (LAVS art. 21 al. 1)\r\n'
              '  /// - Child-raising credits (bonifications éducatives) — LAVS art. 29sexies\r\n'
              '  ///\r\n'
              '  /// This illustration does not perform LAVS art. 29quinquies splitting.\r\n'
              '  /// Exact splitting needs year-by-year individual-account histories and a\r\n'
              '  /// statutory trigger; current salaries and marriage duration are rejected as\r\n'
              '  /// a substitute by the couple legal contract.\r\n'
              '  ///\r\n'
              '  /// [isFemale] and [birthYear] are optional — when provided, the\r\n'
              '  /// reference age accounts for AVS21 transitional cohorts (women\r\n'
              '  /// born 1961-1963). When omitted, defaults to 65 (male/unknown).\r\n'
              '  static double computeMonthlyRente({\r\n'
              '    required int currentAge,\r\n'
              '    required int retirementAge,\r\n'
              '    int lacunes = 0,\r\n'
              '    int? anneesContribuees,\r\n'
              '    int? arrivalAge,\r\n'
              '    double grossAnnualSalary = 0,\r\n'
              '    bool? isFemale,\r\n'
              '    int? birthYear,\r\n'
              '    int childRaisingYears = 0,\r\n'
              '    int totalContributionYears = avsDureeCotisationComplete,\r\n'
              '  }) {\r\n'
              '    // Determine gender-aware reference age (AVS21, LAVS art. 21 al. 1)\r\n'
              '    final refAge = (isFemale != null && birthYear != null)\r\n'
              '        ? avsReferenceAgeYears(birthYear: birthYear, isFemale: isFemale)\r\n'
              '        : reg(\'avs.reference_age_men\', avsAgeReferenceHomme.toDouble());\r\n'
              '\r\n'
              '    // 1. Contribution years\r\n'
              '    final fullYears = reg(\'avs.full_contribution_years\', avsDureeCotisationComplete.toDouble()).toInt();\r\n'
              '\r\n'
              '    int currentYears;\r\n'
              '    if (anneesContribuees != null) {\r\n'
              '      currentYears = anneesContribuees;\r\n'
              '    } else if (arrivalAge != null && arrivalAge > 20) {\r\n'
              '      currentYears =\r\n'
              '          (currentAge - arrivalAge).clamp(0, fullYears);\r\n'
              '    } else {\r\n'
              '      currentYears =\r\n'
              '          (currentAge - 20).clamp(0, fullYears);\r\n'
              '    }\r\n'
              '    final futureYears = (retirementAge - currentAge).clamp(0, 50);\r\n'
              '    final totalYears =\r\n'
              '        (currentYears + futureYears).clamp(0, fullYears);\r\n'
              '    final effectiveYears =\r\n'
              '        (totalYears - lacunes).clamp(0, fullYears);\r\n'
              '    final gapFactor = fullYears > 0 ? effectiveYears / fullYears : 0.0;\r\n'
              '\r\n'
              '    // 2. Effective salary (RAMD) with child credits\r\n'
              '    double effectiveSalary = grossAnnualSalary;\r\n'
              '\r\n'
              '    // 2a. Child-raising credits / bonifications éducatives (LAVS art. 29sexies)\r\n'
              '    // Annual credit = 3× minimum annual AVS pension.\r\n'
              '    // Added to RAMD prorated over total contribution years.\r\n'
              '    if (childRaisingYears > 0 && totalContributionYears > 0) {\r\n'
              '      const bonificationAnnuelle = 3 * avsRenteMinMensuelle * 12;\r\n'
              '      final bonificationRAMD =\r\n'
              '          (bonificationAnnuelle * childRaisingYears) / totalContributionYears;\r\n'
              '      effectiveSalary += bonificationRAMD;\r\n'
              '      effectiveSalary = effectiveSalary.clamp(0, avsRAMDMax);\r\n'
              '    }\r\n'
              '\r\n'
              '    // 2b. RAMD-based rente (LAVS art. 34, echelle 44)\r\n'
              '    final baseRente = renteFromRAMD(effectiveSalary);\r\n'
              '    double rente = baseRente * gapFactor;\r\n'
              '\r\n'
              '    // 3. Early/late retirement adjustments relative to gender-aware refAge\r\n'
              '    if (retirementAge < 63) {\r\n'
              '      // AVS anticipation only possible from 63 (LAVS art. 40)\r\n'
              '      return 0.0;\r\n'
              '    } else if (retirementAge < refAge) {\r\n'
              '      final yearsEarly = refAge - retirementAge;\r\n'
              '      rente *= (1.0 - reg(\'avs.anticipation_reduction\', avsReductionAnticipation) * yearsEarly);\r\n'
              '    } else if (retirementAge > refAge) {\r\n'
              '      final yearsLate = (retirementAge - refAge).clamp(1, 5).round();\r\n'
              '      final bonus = avsDeferralBonus[yearsLate] ?? avsDeferralBonus[5]!;\r\n'
              '      rente *= (1.0 + bonus);\r\n'
              '    }\r\n'
              '\r\n'
              '    return rente;\r\n'
              '  }\r\n'
              '\r\n'
              '  /// Round to nearest 5 centimes (Swiss standard for social insurance amounts).\r\n'
              '  /// OAVS art. 53 — applied at display level, not computation level,\r\n'
              '  /// to avoid cascading rounding effects in couple/optimizer calculations.\r\n'
              '  static double roundTo5Centimes(double value) {\r\n'
              '    return (value * 20).roundToDouble() / 20;\r\n'
              '  }\r\n'
              '\r\n'
              '  /// Position the self-employed AVS/AI/APG barème gauge.\r\n'
              '  ///\r\n'
              '  /// `1.0` means the income has reached the full-rate bracket for independent\r\n'
              '  /// AVS cotisations. Keep this threshold in financial_core so screens render\r\n'
              '  /// calculator output instead of owning financial constants.\r\n'
              '  static double selfEmployedCotisationGaugePosition(double revenuNet) {\r\n'
              '    final fullRateThreshold =\r\n'
              '        reg(\'avs.self_employed_full_rate_threshold\', 60500.0);\r\n'
              '    if (revenuNet <= 0 || fullRateThreshold <= 0) return 0.0;\r\n'
              '    return (revenuNet / fullRateThreshold).clamp(0.0, 1.0).toDouble();\r\n'
              '  }\r\n'
              '\r\n'
              '  /// AVS rente based on RAMD using Echelle 44 (LAVS art. 34).\r\n'
              '  ///\r\n'
              '  /// Concave lookup + linear interpolation between table points.\r\n'
              '  /// Source: Memento 6.01 — Tables des rentes AVS/AI (OFAS 2025).\r\n'
              '  /// RAMD <= 0 → 0 (no salary data).\r\n'
              '  /// RAMD <= 14\'700 → 1\'260/mois (minimum).\r\n'
              '  /// RAMD >= 88\'200 → 2\'520/mois (maximum).\r\n'
              '  /// Between table points: linear interpolation within the bracket.\r\n'
              '  /// gapFactor in computeMonthlyRente already handles contribution years.\r\n'
              '  static double renteFromRAMD(double grossAnnualSalary) {\r\n'
              '    if (grossAnnualSalary <= 0) return 0;\r\n'
              '    final table = RegulatorySyncService.getEchelle44();\r\n'
              '    if (grossAnnualSalary <= table.first[0]) return table.first[1];\r\n'
              '    if (grossAnnualSalary >= table.last[0]) return table.last[1];\r\n'
              '    for (int i = 0; i < table.length - 1; i++) {\r\n'
              '      final lower = table[i];\r\n'
              '      final upper = table[i + 1];\r\n'
              '      if (grossAnnualSalary >= lower[0] && grossAnnualSalary <= upper[0]) {\r\n'
              '        final ratio = (grossAnnualSalary - lower[0]) / (upper[0] - lower[0]);\r\n'
              '        return lower[1] + ratio * (upper[1] - lower[1]);\r\n'
              '      }\r\n'
              '    }\r\n'
              '    return table.last[1];\r\n'
              '  }\r\n'
              '\r\n'
              '  /// Apply the LAVS art. 35 / RAVS arts. 53bis-53ter couple contract.\r\n'
              '  ///\r\n'
              '  /// This accepts only person-owned ordinary pensions. Missing or invalid\r\n'
              '  /// legal evidence returns [AvsCoupleCapState.pending] and no complete\r\n'
              '  /// household amount. It never derives a pension from salary, age, or a\r\n'
              '  /// default scale.\r\n'
              '  static AvsCouplePensionResult computeCouplePensions(\r\n'
              '    AvsCouplePensionInput input,\r\n'
              '  ) {\r\n'
              '    final missing = <String>[];\r\n'
              '\r\n'
              '    final aggregationMissing = <String>[];\r\n'
              '    _appendMissingBasePersonFields(\r\n'
              '      input.self,\r\n'
              '      AvsPersonRole.self,\r\n'
              '      aggregationMissing,\r\n'
              '    );\r\n'
              '    _appendMissingBasePersonFields(\r\n'
              '      input.partner,\r\n'
              '      AvsPersonRole.partner,\r\n'
              '      aggregationMissing,\r\n'
              '    );\r\n'
              '    missing.addAll(aggregationMissing);\r\n'
              '\r\n'
              '    final rawHousehold = aggregationMissing.isEmpty\r\n'
              '        ? [_activeRawPension(input.self), _activeRawPension(input.partner)]\r\n'
              '            .whereType<double>()\r\n'
              '            .fold<double>(0, (sum, value) => sum + value)\r\n'
              '        : null;\r\n'
              '\r\n'
              '    final capBenefitCombination =\r\n'
              '        _qualifiesForArticle35(input.self, input.partner);\r\n'
              '    final entitlementsResolved = input.self.entitlement != null &&\r\n'
              '        input.partner.entitlement != null;\r\n'
              '    final hasNoOldAgeBenefit =\r\n'
              '        input.self.entitlement != AvsPensionEntitlement.oldAge &&\r\n'
              '            input.partner.entitlement != AvsPensionEntitlement.oldAge;\r\n'
              '    final bothDisability =\r\n'
              '        input.self.entitlement == AvsPensionEntitlement.disability &&\r\n'
              '            input.partner.entitlement == AvsPensionEntitlement.disability;\r\n'
              '    if (bothDisability) {\r\n'
              '      final legalStatus = input.legalStatus;\r\n'
              '      if (legalStatus == null) {\r\n'
              '        missing.add(\'legalStatus\');\r\n'
              '      } else if (legalStatus == AvsCoupleLegalStatus.married ||\r\n'
              '          legalStatus == AvsCoupleLegalStatus.registeredPartnership) {\r\n'
              '        missing.add(\'aiCoupleCapProvider.laiArticle37Paragraph1bis\');\r\n'
              '      }\r\n'
              '    }\r\n'
              '    final nonQualifyingCapState =\r\n'
              '        entitlementsResolved && !capBenefitCombination\r\n'
              '            ? hasNoOldAgeBenefit\r\n'
              '                ? AvsCoupleCapState.notApplicable\r\n'
              '                : AvsCoupleCapState.notNeeded\r\n'
              '            : null;\r\n'
              '    if (capBenefitCombination && input.legalStatus == null) {\r\n'
              '      missing.add(\'legalStatus\');\r\n'
              '    }\r\n'
              '    final marriageEquivalent =\r\n'
              '        input.legalStatus == AvsCoupleLegalStatus.married ||\r\n'
              '            input.legalStatus == AvsCoupleLegalStatus.registeredPartnership;\r\n'
              '    if (marriageEquivalent && capBenefitCombination) {\r\n'
              '      final separation = input.judicialSeparation;\r\n'
              '      if (separation == null) {\r\n'
              '        missing.add(\'judicialSeparation\');\r\n'
              '      } else if (separation.source.trim().isEmpty) {\r\n'
              '        missing.add(\'judicialSeparation.source\');\r\n'
              '      } else if (!separation.isSeparated) {\r\n'
              '        _appendMissingCapFields(input.self, AvsPersonRole.self, missing);\r\n'
              '        _appendMissingCapFields(\r\n'
              '          input.partner,\r\n'
              '          AvsPersonRole.partner,\r\n'
              '          missing,\r\n'
              '        );\r\n'
              '      }\r\n'
              '    }\r\n'
              '\r\n'
              '    if (missing.isNotEmpty) {\r\n'
              '      final separationSource = input.judicialSeparation?.source;\r\n'
              '      return _coupleResult(\r\n'
              '        input: input,\r\n'
              '        rawHousehold: rawHousehold,\r\n'
              '        selfCapped: null,\r\n'
              '        partnerCapped: null,\r\n'
              '        household: null,\r\n'
              '        capState: marriageEquivalent && bothDisability\r\n'
              '            ? AvsCoupleCapState.pending\r\n'
              '            : input.legalStatus == AvsCoupleLegalStatus.cohabiting\r\n'
              '                ? AvsCoupleCapState.notApplicable\r\n'
              '                : nonQualifyingCapState ?? AvsCoupleCapState.pending,\r\n'
              '        missing: missing,\r\n'
              '        judicialSeparationSource:\r\n'
              '            separationSource != null && separationSource.trim().isNotEmpty\r\n'
              '                ? separationSource\r\n'
              '                : null,\r\n'
              '      );\r\n'
              '    }\r\n'
              '\r\n'
              '    final selfRaw = _activeRawPension(input.self);\r\n'
              '    final partnerRaw = _activeRawPension(input.partner);\r\n'
              '    final resolvedRawHousehold = rawHousehold!;\r\n'
              '\r\n'
              '    if (input.legalStatus == AvsCoupleLegalStatus.cohabiting) {\r\n'
              '      return _coupleResult(\r\n'
              '        input: input,\r\n'
              '        rawHousehold: resolvedRawHousehold,\r\n'
              '        selfCapped: selfRaw,\r\n'
              '        partnerCapped: partnerRaw,\r\n'
              '        household: resolvedRawHousehold,\r\n'
              '        capState: AvsCoupleCapState.notApplicable,\r\n'
              '        missing: const [],\r\n'
              '      );\r\n'
              '    }\r\n'
              '\r\n'
              '    if (!capBenefitCombination) {\r\n'
              '      return _coupleResult(\r\n'
              '        input: input,\r\n'
              '        rawHousehold: resolvedRawHousehold,\r\n'
              '        selfCapped: selfRaw,\r\n'
              '        partnerCapped: partnerRaw,\r\n'
              '        household: resolvedRawHousehold,\r\n'
              '        capState: nonQualifyingCapState!,\r\n'
              '        missing: const [],\r\n'
              '      );\r\n'
              '    }\r\n'
              '\r\n'
              '    final separation = input.judicialSeparation!;\r\n'
              '    if (separation.isSeparated) {\r\n'
              '      return _coupleResult(\r\n'
              '        input: input,\r\n'
              '        rawHousehold: resolvedRawHousehold,\r\n'
              '        selfCapped: selfRaw,\r\n'
              '        partnerCapped: partnerRaw,\r\n'
              '        household: resolvedRawHousehold,\r\n'
              '        capState: AvsCoupleCapState.legalException,\r\n'
              '        missing: const [],\r\n'
              '        judicialSeparationSource: separation.source,\r\n'
              '      );\r\n'
              '    }\r\n'
              '\r\n'
              '    final selfScale = input.self.contributionScale!;\r\n'
              '    final partnerScale = input.partner.contributionScale!;\r\n'
              '    final lowerScale = selfScale < partnerScale ? selfScale : partnerScale;\r\n'
              '    final higherScale = selfScale > partnerScale ? selfScale : partnerScale;\r\n'
              '    final weightedScaleRaw = (lowerScale + 2 * higherScale) / 3;\r\n'
              '    // RAVS art. 53bis uses the next higher integer pension scale. It is not a\r\n'
              '    // continuous interpolation between two scales.\r\n'
              '    final determiningScale = weightedScaleRaw.ceil();\r\n'
              '    final determiningScalePercentage = determiningScale / 44;\r\n'
              '    final fullScaleCap =\r\n'
              '        reg(\'avs.couple_max_monthly\', avsRenteCoupleMaxMensuelle);\r\n'
              '    final formulaLayerCap = fullScaleCap * determiningScalePercentage;\r\n'
              '    final percentageMultiplier =\r\n'
              '        _article53terPercentageMultiplier(input.self, input.partner);\r\n'
              '    final formulaLayerApplicableCap = formulaLayerCap * percentageMultiplier;\r\n'
              '\r\n'
              '    if (determiningScale < 44) {\r\n'
              '      return _coupleResult(\r\n'
              '        input: input,\r\n'
              '        rawHousehold: resolvedRawHousehold,\r\n'
              '        selfCapped: null,\r\n'
              '        partnerCapped: null,\r\n'
              '        household: null,\r\n'
              '        capState: AvsCoupleCapState.pending,\r\n'
              '        missing: [\'officialPensionTableProvider.scale.$determiningScale\'],\r\n'
              '        weightedScaleRaw: weightedScaleRaw,\r\n'
              '        weightedContributionScale: determiningScale,\r\n'
              '        scaleWeightedCap: formulaLayerCap,\r\n'
              '        percentageMultiplier: percentageMultiplier,\r\n'
              '        formulaLayerCapEstimate: formulaLayerApplicableCap,\r\n'
              '        judicialSeparationSource: separation.source,\r\n'
              '      );\r\n'
              '    }\r\n'
              '\r\n'
              '    final payableCap = formulaLayerApplicableCap;\r\n'
              '    if (resolvedRawHousehold <= payableCap) {\r\n'
              '      return _coupleResult(\r\n'
              '        input: input,\r\n'
              '        rawHousehold: resolvedRawHousehold,\r\n'
              '        selfCapped: selfRaw,\r\n'
              '        partnerCapped: partnerRaw,\r\n'
              '        household: resolvedRawHousehold,\r\n'
              '        capState: AvsCoupleCapState.notNeeded,\r\n'
              '        missing: const [],\r\n'
              '        weightedScaleRaw: weightedScaleRaw,\r\n'
              '        weightedContributionScale: determiningScale,\r\n'
              '        scaleWeightedCap: formulaLayerCap,\r\n'
              '        percentageMultiplier: percentageMultiplier,\r\n'
              '        formulaLayerCapEstimate: formulaLayerApplicableCap,\r\n'
              '        payableCap: payableCap,\r\n'
              '        judicialSeparationSource: separation.source,\r\n'
              '      );\r\n'
              '    }\r\n'
              '\r\n'
              '    final reductionFactor = payableCap / resolvedRawHousehold;\r\n'
              '    return _coupleResult(\r\n'
              '      input: input,\r\n'
              '      rawHousehold: resolvedRawHousehold,\r\n'
              '      selfCapped: selfRaw! * reductionFactor,\r\n'
              '      partnerCapped: partnerRaw! * reductionFactor,\r\n'
              '      household: payableCap,\r\n'
              '      capState: AvsCoupleCapState.applied,\r\n'
              '      missing: const [],\r\n'
              '      weightedScaleRaw: weightedScaleRaw,\r\n'
              '      weightedContributionScale: determiningScale,\r\n'
              '      scaleWeightedCap: formulaLayerCap,\r\n'
              '      percentageMultiplier: percentageMultiplier,\r\n'
              '      formulaLayerCapEstimate: formulaLayerApplicableCap,\r\n'
              '      payableCap: payableCap,\r\n'
              '      judicialSeparationSource: separation.source,\r\n'
              '    );\r\n'
              '  }\r\n'
              '\r\n'
              '  static void _appendMissingBasePersonFields(\r\n'
              '    AvsPersonPensionInput person,\r\n'
              '    AvsPersonRole expectedOwner,\r\n'
              '    List<String> missing,\r\n'
              '  ) {\r\n'
              '    final prefix = expectedOwner.name;\r\n'
              '    if (person.owner != expectedOwner) {\r\n'
              '      missing.add(\'$prefix.owner\');\r\n'
              '    }\r\n'
              '    final entitlement = person.entitlement;\r\n'
              '    if (entitlement == null) {\r\n'
              '      missing.add(\'$prefix.entitlement\');\r\n'
              '      return;\r\n'
              '    }\r\n'
              '    if (entitlement == AvsPensionEntitlement.none) return;\r\n'
              '\r\n'
              '    final raw = person.rawMonthlyPension;\r\n'
              '    if (raw == null || !raw.isFinite || raw <= 0) {\r\n'
              '      missing.add(\'$prefix.rawMonthlyPension\');\r\n'
              '    }\r\n'
              '  }\r\n'
              '\r\n'
              '  static void _appendMissingCapFields(\r\n'
              '    AvsPersonPensionInput person,\r\n'
              '    AvsPersonRole expectedOwner,\r\n'
              '    List<String> missing,\r\n'
              '  ) {\r\n'
              '    final prefix = expectedOwner.name;\r\n'
              '    final scale = person.contributionScale;\r\n'
              '    if (scale == null || scale < 1 || scale > 44) {\r\n'
              '      missing.add(\'$prefix.contributionScale\');\r\n'
              '    }\r\n'
              '    final percentage = person.pensionPercentage;\r\n'
              '    if (percentage == null ||\r\n'
              '        !percentage.isFinite ||\r\n'
              '        percentage <= 0 ||\r\n'
              '        percentage > 1) {\r\n'
              '      missing.add(\'$prefix.pensionPercentage\');\r\n'
              '    } else if (person.entitlement == AvsPensionEntitlement.oldAge &&\r\n'
              '        person.oldAgePaymentMode == AvsOldAgePaymentMode.ordinary &&\r\n'
              '        percentage != 1) {\r\n'
              '      missing.add(\r\n'
              '        \'$prefix.pensionPercentage.ordinaryRequiresFullPension\',\r\n'
              '      );\r\n'
              '    }\r\n'
              '    if (person.entitlement == AvsPensionEntitlement.oldAge &&\r\n'
              '        person.oldAgePaymentMode == null) {\r\n'
              '      missing.add(\'$prefix.oldAgePaymentMode\');\r\n'
              '    }\r\n'
              '  }\r\n'
              '\r\n'
              '  static bool _qualifiesForArticle35(\r\n'
              '    AvsPersonPensionInput self,\r\n'
              '    AvsPersonPensionInput partner,\r\n'
              '  ) {\r\n'
              '    final selfOldAge = self.entitlement == AvsPensionEntitlement.oldAge;\r\n'
              '    final partnerOldAge = partner.entitlement == AvsPensionEntitlement.oldAge;\r\n'
              '    final selfDisability = self.entitlement == AvsPensionEntitlement.disability;\r\n'
              '    final partnerDisability =\r\n'
              '        partner.entitlement == AvsPensionEntitlement.disability;\r\n'
              '    return (selfOldAge && partnerOldAge) ||\r\n'
              '        (selfOldAge && partnerDisability) ||\r\n'
              '        (selfDisability && partnerOldAge);\r\n'
              '  }\r\n'
              '\r\n'
              '  static double? _activeRawPension(AvsPersonPensionInput person) =>\r\n'
              '      person.entitlement == AvsPensionEntitlement.none\r\n'
              '          ? null\r\n'
              '          : person.rawMonthlyPension;\r\n'
              '\r\n'
              '  static double _article53terPercentageMultiplier(\r\n'
              '    AvsPersonPensionInput self,\r\n'
              '    AvsPersonPensionInput partner,\r\n'
              '  ) {\r\n'
              '    final hasDeferredOldAge =\r\n'
              '        self.entitlement == AvsPensionEntitlement.oldAge &&\r\n'
              '                self.oldAgePaymentMode == AvsOldAgePaymentMode.deferred ||\r\n'
              '            partner.entitlement == AvsPensionEntitlement.oldAge &&\r\n'
              '                partner.oldAgePaymentMode == AvsOldAgePaymentMode.deferred;\r\n'
              '    if (hasDeferredOldAge) return 1;\r\n'
              '\r\n'
              '    final selfPercentage = self.pensionPercentage!;\r\n'
              '    final partnerPercentage = partner.pensionPercentage!;\r\n'
              '    return selfPercentage > partnerPercentage\r\n'
              '        ? selfPercentage\r\n'
              '        : partnerPercentage;\r\n'
              '  }\r\n'
              '\r\n'
              '  static AvsCouplePensionResult _coupleResult({\r\n'
              '    required AvsCouplePensionInput input,\r\n'
              '    required double? rawHousehold,\r\n'
              '    required double? selfCapped,\r\n'
              '    required double? partnerCapped,\r\n'
              '    required double? household,\r\n'
              '    required AvsCoupleCapState capState,\r\n'
              '    required List<String> missing,\r\n'
              '    double? weightedScaleRaw,\r\n'
              '    int? weightedContributionScale,\r\n'
              '    double? scaleWeightedCap,\r\n'
              '    double? percentageMultiplier,\r\n'
              '    double? formulaLayerCapEstimate,\r\n'
              '    double? payableCap,\r\n'
              '    String? judicialSeparationSource,\r\n'
              '  }) =>\r\n'
              '      AvsCouplePensionResult(\r\n'
              '        self: _personResult(input.self, selfCapped),\r\n'
              '        partner: _personResult(input.partner, partnerCapped),\r\n'
              '        rawHouseholdMonthlyPension: rawHousehold,\r\n'
              '        householdMonthlyPension: household,\r\n'
              '        weightedScaleRaw: weightedScaleRaw,\r\n'
              '        weightedContributionScale: weightedContributionScale,\r\n'
              '        scaleWeightedMonthlyCap: scaleWeightedCap,\r\n'
              '        percentageCapMultiplier: percentageMultiplier,\r\n'
              '        formulaLayerMonthlyCapEstimate: formulaLayerCapEstimate,\r\n'
              '        payableMonthlyCap: payableCap,\r\n'
              '        capState: capState,\r\n'
              '        missingFields: missing,\r\n'
              '        legalYear: coupleLegalYear,\r\n'
              '        legalSource: coupleLegalSource,\r\n'
              '        judicialSeparationSource: judicialSeparationSource,\r\n'
              '        requiresOfficialTableRounding: weightedContributionScale != null &&\r\n'
              '            weightedContributionScale < 44,\r\n'
              '      );\r\n'
              '\r\n'
              '  static AvsPersonPensionResult _personResult(\r\n'
              '    AvsPersonPensionInput input,\r\n'
              '    double? capped,\r\n'
              '  ) {\r\n'
              '    final scale = input.contributionScale;\r\n'
              '    final validScale = scale != null && scale >= 1 && scale <= 44;\r\n'
              '    return AvsPersonPensionResult(\r\n'
              '      owner: input.owner,\r\n'
              '      entitlement: input.entitlement,\r\n'
              '      rawMonthlyPension: input.rawMonthlyPension,\r\n'
              '      cappedMonthlyPension: capped,\r\n'
              '      contributionScale: input.contributionScale,\r\n'
              '      scalePercentage: validScale ? scale / 44 : null,\r\n'
              '      pensionPercentage: input.pensionPercentage,\r\n'
              '      oldAgePaymentMode: input.oldAgePaymentMode,\r\n'
              '    );\r\n'
              '  }\r\n'
              '\r\n'
              '  /// Bridge pension (rente-pont) estimate for early retirees.\r\n'
              '  ///\r\n'
              '  /// When retiring before the AVS reference age, there is an income gap\r\n'
              '  /// where neither AVS nor LPP rente is paid. Some employers/caisses offer\r\n'
              '  /// a bridge pension to cover this gap.\r\n'
              '  ///\r\n'
              '  /// Returns the estimated monthly gap and total bridge cost.\r\n'
              '  /// - [retirementAge]: actual retirement age (e.g. 60)\r\n'
              '  /// - [referenceAge]: AVS reference age (e.g. 65)\r\n'
              '  /// - [estimatedAvsMonthly]: what the AVS rente would be at reference age\r\n'
              '  /// - [estimatedLppMonthly]: what the LPP rente would be (if annuity chosen)\r\n'
              '  static ({double monthlyGap, double totalBridgeCost, int gapYears}) computeBridgePension({\r\n'
              '    required int retirementAge,\r\n'
              '    required int referenceAge,\r\n'
              '    required double estimatedAvsMonthly,\r\n'
              '    double estimatedLppMonthly = 0,\r\n'
              '  }) {\r\n'
              '    final gapYears = (referenceAge - retirementAge).clamp(0, 10);\r\n'
              '    if (gapYears <= 0) {\r\n'
              '      return (monthlyGap: 0, totalBridgeCost: 0, gapYears: 0);\r\n'
              '    }\r\n'
              '    // During the gap: no AVS, potentially no LPP rente either\r\n'
              '    final monthlyGap = estimatedAvsMonthly + estimatedLppMonthly;\r\n'
              '    final totalBridgeCost = monthlyGap * 12 * gapYears;\r\n'
              '    return (\r\n'
              '      monthlyGap: monthlyGap,\r\n'
              '      totalBridgeCost: totalBridgeCost,\r\n'
              '      gapYears: gapYears,\r\n'
              '    );\r\n'
              '  }\r\n'
              '\r\n'
              '  /// Models the lifetime loss from ordinary recurring AVS payments.\r\n'
              '  ///\r\n'
              '  /// Counts exactly twelve monthly payments per modeled year. The separate\r\n'
              '  /// December AVS supplement is deliberately excluded from this projection.\r\n'
              '  static double ordinaryRecurringLifetimeLoss(\r\n'
              '    double monthlyLoss,\r\n'
              '    int modeledRetirementYears,\r\n'
              '  ) {\r\n'
              '    if (!monthlyLoss.isFinite ||\r\n'
              '        monthlyLoss <= 0 ||\r\n'
              '        modeledRetirementYears <= 0) {\r\n'
              '      return 0;\r\n'
              '    }\r\n'
              '    return monthlyLoss * 12 * modeledRetirementYears;\r\n'
              '  }\r\n'
              '\r\n'
              '}\r\n'
              ''
  computeMonthlyRente prices or proportions a gap without a caisse result

  package:matcher                                                                   expect
  package:flutter_test/src/widget_tester.dart 473:18                                expect
  test/services/financial_core/avs_unofficial_gap_effect_quarantine_test.dart 40:9  main.<fn>.<fn>

00:00 +0 -1: Some tests failed.
exit_code=1
