REDACTED_PRIVATE_TEMP/production-flag_on/apps/mobile/build/ios/iphonesimulator/Runner.app/de.lproj/Localizable.strings: com.apple.provenance
REDACTED_PRIVATE_TEMP/production-flag_on/apps/mobile/build/ios/iphonesimulator/Runner.app/de.lproj: com.apple.provenance
REDACTED_PRIVATE_TEMP/production-flag_on/apps/mobile/build/ios/iphonesimulator/Runner.app/_CodeSignature/CodeResources: com.apple.provenance
REDACTED_PRIVATE_TEMP/production-flag_on/apps/mobile/build/ios/iphonesimulator/Runner.app/_CodeSignature: com.apple.provenance
REDACTED_PRIVATE_TEMP/production-flag_on/apps/mobile/build/ios/iphonesimulator/Runner.app/SwiftyGif.bundle/PrivacyInfo.xcprivacy: com.apple.provenance
REDACTED_PRIVATE_TEMP/production-flag_on/apps/mobile/build/ios/iphonesimulator/Runner.app/SwiftyGif.bundle/Info.plist: com.apple.provenance
REDACTED_PRIVATE_TEMP/production-flag_on/apps/mobile/build/ios/iphonesimulator/Runner.app/SwiftyGif.bundle: com.apple.provenance
REDACTED_PRIVATE_TEMP/production-flag_on/apps/mobile/build/ios/iphonesimulator/Runner.app/en.lproj/Localizable.strings: com.apple.provenance
REDACTED_PRIVATE_TEMP/production-flag_on/apps/mobile/build/ios/iphonesimulator/Runner.app/en.lproj: com.apple.provenance
REDACTED_PRIVATE_TEMP/production-flag_on/apps/mobile/build/ios/iphonesimulator/Runner.app/DKPhotoGallery.bundle/zh-Hans.lproj/DKPhotoGallery.strings: com.apple.provenance
REDACTED_PRIVATE_TEMP/production-flag_on/apps/mobile/build/ios/iphonesimulator/Runner.app/DKPhotoGallery.bundle/zh-Hans.lproj: com.apple.provenance
REDACTED_PRIVATE_TEMP/production-flag_on/apps/mobile/build/ios/iphonesimulator/Runner.app/DKPhotoGallery.bundle/en.lproj/DKPhotoGallery.strings: com.apple.provenance
REDACTED_PRIVATE_TEMP/production-flag_on/apps/mobile/build/ios/iphonesimulator/Runner.app/DKPhotoGallery.bundle/en.lproj: com.apple.provenance
REDACTED_PRIVATE_TEMP/production-flag_on/apps/mobile/build/ios/iphonesimulator/Runner.app/DKPhotoGallery.bundle/Base.lproj/DKPhotoGallery.strings: com.apple.provenance
REDACTED_PRIVATE_TEMP/production-flag_on/apps/mobile/build/ios/iphonesimulator/Runner.app/DKPhotoGallery.bundle/Base.lproj: com.apple.provenance
REDACTED_PRIVATE_TEMP/production-flag_on/apps/mobile/build/ios/iphonesimulator/Runner.app/DKPhotoGallery.bundle/Assets.car: com.apple.provenance
REDACTED_PRIVATE_TEMP/production-flag_on/apps/mobile/build/ios/iphonesimulator/Runner.app/DKPhotoGallery.bundle/PrivacyInfo.xcprivacy: com.apple.provenance
REDACTED_PRIVATE_TEMP/production-flag_on/apps/mobile/build/ios/iphonesimulator/Runner.app/DKPhotoGallery.bundle/Info.plist: com.apple.provenance
REDACTED_PRIVATE_TEMP/production-flag_on/apps/mobile/build/ios/iphonesimulator/Runner.app/DKPhotoGallery.bundle: com.apple.provenance
REDACTED_PRIVATE_TEMP/production-flag_on/apps/mobile/build/ios/iphonesimulator/Runner.app/Sentry.bundle/PrivacyInfo.xcprivacy: com.apple.provenance
REDACTED_PRIVATE_TEMP/production-flag_on/apps/mobile/build/ios/iphonesimulator/Runner.app/Sentry.bundle/Info.plist: com.apple.provenance
REDACTED_PRIVATE_TEMP/production-flag_on/apps/mobile/build/ios/iphonesimulator/Runner.app/Sentry.bundle: com.apple.provenance
REDACTED_PRIVATE_TEMP/production-flag_on/apps/mobile/build/ios/iphonesimulator/Runner.app/shared_preferences_foundation_privacy.bundle/PrivacyInfo.xcprivacy: com.apple.provenance
REDACTED_PRIVATE_TEMP/production-flag_on/apps/mobile/build/ios/iphonesimulator/Runner.app/shared_preferences_foundation_privacy.bundle/Info.plist: com.apple.provenance
REDACTED_PRIVATE_TEMP/production-flag_on/apps/mobile/build/ios/iphonesimulator/Runner.app/shared_preferences_foundation_privacy.bundle: com.apple.provenance
REDACTED_PRIVATE_TEMP/production-flag_on/apps/mobile/build/ios/iphonesimulator/Runner.app/AppIcon60x60@2x.png: com.apple.provenance
REDACTED_PRIVATE_TEMP/production-flag_on/apps/mobile/build/ios/iphonesimulator/Runner.app/Runner: com.apple.provenance
REDACTED_PRIVATE_TEMP/production-flag_on/apps/mobile/build/ios/iphonesimulator/Runner.app/image_picker_ios_privacy.bundle/PrivacyInfo.xcprivacy: com.apple.provenance
REDACTED_PRIVATE_TEMP/production-flag_on/apps/mobile/build/ios/iphonesimulator/Runner.app/image_picker_ios_privacy.bundle/Info.plist: com.apple.provenance
REDACTED_PRIVATE_TEMP/production-flag_on/apps/mobile/build/ios/iphonesimulator/Runner.app/image_picker_ios_privacy.bundle: com.apple.provenance
REDACTED_PRIVATE_TEMP/production-flag_on/apps/mobile/build/ios/iphonesimulator/Runner.app/path_provider_foundation_privacy.bundle/PrivacyInfo.xcprivacy: com.apple.provenance
REDACTED_PRIVATE_TEMP/production-flag_on/apps/mobile/build/ios/iphonesimulator/Runner.app/path_provider_foundation_privacy.bundle/Info.plist: com.apple.provenance
REDACTED_PRIVATE_TEMP/production-flag_on/apps/mobile/build/ios/iphonesimulator/Runner.app/path_provider_foundation_privacy.bundle: com.apple.provenance
REDACTED_PRIVATE_TEMP/production-flag_on/apps/mobile/build/ios/iphonesimulator/Runner.app/SQLCipher.bundle/PrivacyInfo.xcprivacy: com.apple.provenance
REDACTED_PRIVATE_TEMP/production-flag_on/apps/mobile/build/ios/iphonesimulator/Runner.app/SQLCipher.bundle/Info.plist: com.apple.provenance
REDACTED_PRIVATE_TEMP/production-flag_on/apps/mobile/build/ios/iphonesimulator/Runner.app/SQLCipher.bundle: com.apple.provenance
REDACTED_PRIVATE_TEMP/production-flag_on/apps/mobile/build/ios/iphonesimulator/Runner.app/flutter_local_notifications_privacy.bundle/PrivacyInfo.xcprivacy: com.apple.provenance
REDACTED_PRIVATE_TEMP/production-flag_on/apps/mobile/build/ios/iphonesimulator/Runner.app/flutter_local_notifications_privacy.bundle/Info.plist: com.apple.provenance
REDACTED_PRIVATE_TEMP/production-flag_on/apps/mobile/build/ios/iphonesimulator/Runner.app/flutter_local_notifications_privacy.bundle: com.apple.provenance
REDACTED_PRIVATE_TEMP/production-flag_on/apps/mobile/build/ios/iphonesimulator/Runner.app/flutter_secure_storage.bundle/PrivacyInfo.xcprivacy: com.apple.provenance
REDACTED_PRIVATE_TEMP/production-flag_on/apps/mobile/build/ios/iphonesimulator/Runner.app/flutter_secure_storage.bundle/Info.plist: com.apple.provenance
REDACTED_PRIVATE_TEMP/production-flag_on/apps/mobile/build/ios/iphonesimulator/Runner.app/flutter_secure_storage.bundle: com.apple.provenance
REDACTED_PRIVATE_TEMP/production-flag_on/apps/mobile/build/ios/iphonesimulator/Runner.app/Base.lproj/Main.storyboardc/UIViewController-BYZ-38-t0r.nib: com.apple.provenance
REDACTED_PRIVATE_TEMP/production-flag_on/apps/mobile/build/ios/iphonesimulator/Runner.app/Base.lproj/Main.storyboardc/BYZ-38-t0r-view-8bC-Xf-vdC.nib: com.apple.provenance
REDACTED_PRIVATE_TEMP/production-flag_on/apps/mobile/build/ios/iphonesimulator/Runner.app/Base.lproj/Main.storyboardc/Info.plist: com.apple.provenance
REDACTED_PRIVATE_TEMP/production-flag_on/apps/mobile/build/ios/iphonesimulator/Runner.app/Base.lproj/Main.storyboardc: com.apple.provenance
REDACTED_PRIVATE_TEMP/production-flag_on/apps/mobile/build/ios/iphonesimulator/Runner.app/Base.lproj/LaunchScreen.storyboardc/01J-lp-oVM-view-Ze5-6b-2t3.nib: com.apple.provenance
REDACTED_PRIVATE_TEMP/production-flag_on/apps/mobile/build/ios/iphonesimulator/Runner.app/Base.lproj/LaunchScreen.storyboardc/UIViewController-01J-lp-oVM.nib: com.apple.provenance
REDACTED_PRIVATE_TEMP/production-flag_on/apps/mobile/build/ios/iphonesimulator/Runner.app/Base.lproj/LaunchScreen.storyboardc/Info.plist: com.apple.provenance
REDACTED_PRIVATE_TEMP/production-flag_on/apps/mobile/build/ios/iphonesimulator/Runner.app/Base.lproj/LaunchScreen.storyboardc: com.apple.provenance
REDACTED_PRIVATE_TEMP/production-flag_on/apps/mobile/build/ios/iphonesimulator/Runner.app/Base.lproj: com.apple.provenance
REDACTED_PRIVATE_TEMP/production-flag_on/apps/mobile/build/ios/iphonesimulator/Runner.app/DKImagePickerController.bundle/de.lproj/DKImagePickerController.strings: com.apple.provenance
REDACTED_PRIVATE_TEMP/production-flag_on/apps/mobile/build/ios/iphonesimulator/Runner.app/DKImagePickerController.bundle/de.lproj: com.apple.provenance
REDACTED_PRIVATE_TEMP/production-flag_on/apps/mobile/build/ios/iphonesimulator/Runner.app/DKImagePickerController.bundle/ur.lproj/DKImagePickerController.strings: com.apple.provenance
REDACTED_PRIVATE_TEMP/production-flag_on/apps/mobile/build/ios/iphonesimulator/Runner.app/DKImagePickerController.bundle/ur.lproj: com.apple.provenance
REDACTED_PRIVATE_TEMP/production-flag_on/apps/mobile/build/ios/iphonesimulator/Runner.app/DKImagePickerController.bundle/ar.lproj/DKImagePickerController.strings: com.apple.provenance
REDACTED_PRIVATE_TEMP/production-flag_on/apps/mobile/build/ios/iphonesimulator/Runner.app/DKImagePickerController.bundle/ar.lproj: com.apple.provenance
REDACTED_PRIVATE_TEMP/production-flag_on/apps/mobile/build/ios/iphonesimulator/Runner.app/DKImagePickerController.bundle/zh-Hans.lproj/DKImagePickerController.strings: com.apple.provenance
REDACTED_PRIVATE_TEMP/production-flag_on/apps/mobile/build/ios/iphonesimulator/Runner.app/DKImagePickerController.bundle/zh-Hans.lproj: com.apple.provenance
REDACTED_PRIVATE_TEMP/production-flag_on/apps/mobile/build/ios/iphonesimulator/Runner.app/DKImagePickerController.bundle/ja.lproj/DKImagePickerController.strings: com.apple.provenance
REDACTED_PRIVATE_TEMP/production-flag_on/apps/mobile/build/ios/iphonesimulator/Runner.app/DKImagePickerController.bundle/ja.lproj: com.apple.provenance
REDACTED_PRIVATE_TEMP/production-flag_on/apps/mobile/build/ios/iphonesimulator/Runner.app/DKImagePickerController.bundle/en.lproj/DKImagePickerController.strings: com.apple.provenance
REDACTED_PRIVATE_TEMP/production-flag_on/apps/mobile/build/ios/iphonesimulator/Runner.app/DKImagePickerController.bundle/en.lproj: com.apple.provenance
REDACTED_PRIVATE_TEMP/production-flag_on/apps/mobile/build/ios/iphonesimulator/Runner.app/DKImagePickerController.bundle/nb-NO.lproj/DKImagePickerController.strings: com.apple.provenance
REDACTED_PRIVATE_TEMP/production-flag_on/apps/mobile/build/ios/iphonesimulator/Runner.app/DKImagePickerController.bundle/nb-NO.lproj: com.apple.provenance
REDACTED_PRIVATE_TEMP/production-flag_on/apps/mobile/build/ios/iphonesimulator/Runner.app/DKImagePickerController.bundle/es.lproj/DKImagePickerController.strings: com.apple.provenance
REDACTED_PRIVATE_TEMP/production-flag_on/apps/mobile/build/ios/iphonesimulator/Runner.app/DKImagePickerController.bundle/es.lproj: com.apple.provenance
REDACTED_PRIVATE_TEMP/production-flag_on/apps/mobile/build/ios/iphonesimulator/Runner.app/DKImagePickerController.bundle/pt_BR.lproj/DKImagePickerController.strings: com.apple.provenance
REDACTED_PRIVATE_TEMP/production-flag_on/apps/mobile/build/ios/iphonesimulator/Runner.app/DKImagePickerController.bundle/pt_BR.lproj: com.apple.provenance
REDACTED_PRIVATE_TEMP/production-flag_on/apps/mobile/build/ios/iphonesimulator/Runner.app/DKImagePickerController.bundle/da.lproj/DKImagePickerController.strings: com.apple.provenance
REDACTED_PRIVATE_TEMP/production-flag_on/apps/mobile/build/ios/iphonesimulator/Runner.app/DKImagePickerController.bundle/da.lproj: com.apple.provenance
REDACTED_PRIVATE_TEMP/production-flag_on/apps/mobile/build/ios/iphonesimulator/Runner.app/DKImagePickerController.bundle/it.lproj/DKImagePickerController.strings: com.apple.provenance
REDACTED_PRIVATE_TEMP/production-flag_on/apps/mobile/build/ios/iphonesimulator/Runner.app/DKImagePickerController.bundle/it.lproj: com.apple.provenance
REDACTED_PRIVATE_TEMP/production-flag_on/apps/mobile/build/ios/iphonesimulator/Runner.app/DKImagePickerController.bundle/ko.lproj/DKImagePickerController.strings: com.apple.provenance
REDACTED_PRIVATE_TEMP/production-flag_on/apps/mobile/build/ios/iphonesimulator/Runner.app/DKImagePickerController.bundle/ko.lproj: com.apple.provenance
REDACTED_PRIVATE_TEMP/production-flag_on/apps/mobile/build/ios/iphonesimulator/Runner.app/DKImagePickerController.bundle/Base.lproj/DKImagePickerController.strings: com.apple.provenance
REDACTED_PRIVATE_TEMP/production-flag_on/apps/mobile/build/ios/iphonesimulator/Runner.app/DKImagePickerController.bundle/Base.lproj: com.apple.provenance
REDACTED_PRIVATE_TEMP/production-flag_on/apps/mobile/build/ios/iphonesimulator/Runner.app/DKImagePickerController.bundle/zh-Hant.lproj/DKImagePickerController.strings: com.apple.provenance
REDACTED_PRIVATE_TEMP/production-flag_on/apps/mobile/build/ios/iphonesimulator/Runner.app/DKImagePickerController.bundle/zh-Hant.lproj: com.apple.provenance
REDACTED_PRIVATE_TEMP/production-flag_on/apps/mobile/build/ios/iphonesimulator/Runner.app/DKImagePickerController.bundle/hu.lproj/DKImagePickerController.strings: com.apple.provenance
REDACTED_PRIVATE_TEMP/production-flag_on/apps/mobile/build/ios/iphonesimulator/Runner.app/DKImagePickerController.bundle/hu.lproj: com.apple.provenance
REDACTED_PRIVATE_TEMP/production-flag_on/apps/mobile/build/ios/iphonesimulator/Runner.app/DKImagePickerController.bundle/Assets.car: com.apple.provenance
REDACTED_PRIVATE_TEMP/production-flag_on/apps/mobile/build/ios/iphonesimulator/Runner.app/DKImagePickerController.bundle/tr.lproj/DKImagePickerController.strings: com.apple.provenance
REDACTED_PRIVATE_TEMP/production-flag_on/apps/mobile/build/ios/iphonesimulator/Runner.app/DKImagePickerController.bundle/tr.lproj: com.apple.provenance
REDACTED_PRIVATE_TEMP/production-flag_on/apps/mobile/build/ios/iphonesimulator/Runner.app/DKImagePickerController.bundle/vi.lproj/DKImagePickerController.strings: com.apple.provenance
REDACTED_PRIVATE_TEMP/production-flag_on/apps/mobile/build/ios/iphonesimulator/Runner.app/DKImagePickerController.bundle/vi.lproj: com.apple.provenance
REDACTED_PRIVATE_TEMP/production-flag_on/apps/mobile/build/ios/iphonesimulator/Runner.app/DKImagePickerController.bundle/PrivacyInfo.xcprivacy: com.apple.provenance
REDACTED_PRIVATE_TEMP/production-flag_on/apps/mobile/build/ios/iphonesimulator/Runner.app/DKImagePickerController.bundle/ru.lproj/DKImagePickerController.strings: com.apple.provenance
REDACTED_PRIVATE_TEMP/production-flag_on/apps/mobile/build/ios/iphonesimulator/Runner.app/DKImagePickerController.bundle/ru.lproj: com.apple.provenance
REDACTED_PRIVATE_TEMP/production-flag_on/apps/mobile/build/ios/iphonesimulator/Runner.app/DKImagePickerController.bundle/fr.lproj/DKImagePickerController.strings: com.apple.provenance
REDACTED_PRIVATE_TEMP/production-flag_on/apps/mobile/build/ios/iphonesimulator/Runner.app/DKImagePickerController.bundle/fr.lproj: com.apple.provenance
REDACTED_PRIVATE_TEMP/production-flag_on/apps/mobile/build/ios/iphonesimulator/Runner.app/DKImagePickerController.bundle/nl.lproj/DKImagePickerController.strings: com.apple.provenance
REDACTED_PRIVATE_TEMP/production-flag_on/apps/mobile/build/ios/iphonesimulator/Runner.app/DKImagePickerController.bundle/nl.lproj: com.apple.provenance
REDACTED_PRIVATE_TEMP/production-flag_on/apps/mobile/build/ios/iphonesimulator/Runner.app/DKImagePickerController.bundle/Info.plist: com.apple.provenance
REDACTED_PRIVATE_TEMP/production-flag_on/apps/mobile/build/ios/iphonesimulator/Runner.app/DKImagePickerController.bundle: com.apple.provenance
REDACTED_PRIVATE_TEMP/production-flag_on/apps/mobile/build/ios/iphonesimulator/Runner.app/__preview.dylib: com.apple.provenance
REDACTED_PRIVATE_TEMP/production-flag_on/apps/mobile/build/ios/iphonesimulator/Runner.app/patrol_privacy.bundle/PrivacyInfo.xcprivacy: com.apple.provenance
REDACTED_PRIVATE_TEMP/production-flag_on/apps/mobile/build/ios/iphonesimulator/Runner.app/patrol_privacy.bundle/Info.plist: com.apple.provenance
REDACTED_PRIVATE_TEMP/production-flag_on/apps/mobile/build/ios/iphonesimulator/Runner.app/patrol_privacy.bundle: com.apple.provenance
REDACTED_PRIVATE_TEMP/production-flag_on/apps/mobile/build/ios/iphonesimulator/Runner.app/Runner.debug.dylib: com.apple.provenance
REDACTED_PRIVATE_TEMP/production-flag_on/apps/mobile/build/ios/iphonesimulator/Runner.app/file_picker_ios_privacy.bundle/PrivacyInfo.xcprivacy: com.apple.provenance
REDACTED_PRIVATE_TEMP/production-flag_on/apps/mobile/build/ios/iphonesimulator/Runner.app/file_picker_ios_privacy.bundle/Info.plist: com.apple.provenance
REDACTED_PRIVATE_TEMP/production-flag_on/apps/mobile/build/ios/iphonesimulator/Runner.app/file_picker_ios_privacy.bundle: com.apple.provenance
REDACTED_PRIVATE_TEMP/production-flag_on/apps/mobile/build/ios/iphonesimulator/Runner.app/Assets.car: com.apple.provenance
REDACTED_PRIVATE_TEMP/production-flag_on/apps/mobile/build/ios/iphonesimulator/Runner.app/AppFrameworkInfo.plist: com.apple.provenance
REDACTED_PRIVATE_TEMP/production-flag_on/apps/mobile/build/ios/iphonesimulator/Runner.app/pl.lproj/Localizable.strings: com.apple.provenance
REDACTED_PRIVATE_TEMP/production-flag_on/apps/mobile/build/ios/iphonesimulator/Runner.app/pl.lproj: com.apple.provenance
REDACTED_PRIVATE_TEMP/production-flag_on/apps/mobile/build/ios/iphonesimulator/Runner.app/AppIcon76x76@2x~ipad.png: com.apple.provenance
REDACTED_PRIVATE_TEMP/production-flag_on/apps/mobile/build/ios/iphonesimulator/Runner.app/in_app_purchase_storekit_privacy.bundle/PrivacyInfo.xcprivacy: com.apple.provenance
REDACTED_PRIVATE_TEMP/production-flag_on/apps/mobile/build/ios/iphonesimulator/Runner.app/in_app_purchase_storekit_privacy.bundle/Info.plist: com.apple.provenance
REDACTED_PRIVATE_TEMP/production-flag_on/apps/mobile/build/ios/iphonesimulator/Runner.app/in_app_purchase_storekit_privacy.bundle: com.apple.provenance
REDACTED_PRIVATE_TEMP/production-flag_on/apps/mobile/build/ios/iphonesimulator/Runner.app/SDWebImage.bundle/PrivacyInfo.xcprivacy: com.apple.provenance
REDACTED_PRIVATE_TEMP/production-flag_on/apps/mobile/build/ios/iphonesimulator/Runner.app/SDWebImage.bundle/Info.plist: com.apple.provenance
REDACTED_PRIVATE_TEMP/production-flag_on/apps/mobile/build/ios/iphonesimulator/Runner.app/SDWebImage.bundle: com.apple.provenance
REDACTED_PRIVATE_TEMP/production-flag_on/apps/mobile/build/ios/iphonesimulator/Runner.app/PrivacyInfo.xcprivacy: com.apple.provenance
REDACTED_PRIVATE_TEMP/production-flag_on/apps/mobile/build/ios/iphonesimulator/Runner.app/FMDB_Privacy.bundle/PrivacyInfo.xcprivacy: com.apple.provenance
REDACTED_PRIVATE_TEMP/production-flag_on/apps/mobile/build/ios/iphonesimulator/Runner.app/FMDB_Privacy.bundle/Info.plist: com.apple.provenance
REDACTED_PRIVATE_TEMP/production-flag_on/apps/mobile/build/ios/iphonesimulator/Runner.app/FMDB_Privacy.bundle: com.apple.provenance
REDACTED_PRIVATE_TEMP/production-flag_on/apps/mobile/build/ios/iphonesimulator/Runner.app/url_launcher_ios_privacy.bundle/PrivacyInfo.xcprivacy: com.apple.provenance
REDACTED_PRIVATE_TEMP/production-flag_on/apps/mobile/build/ios/iphonesimulator/Runner.app/url_launcher_ios_privacy.bundle/Info.plist: com.apple.provenance
REDACTED_PRIVATE_TEMP/production-flag_on/apps/mobile/build/ios/iphonesimulator/Runner.app/url_launcher_ios_privacy.bundle: com.apple.provenance
REDACTED_PRIVATE_TEMP/production-flag_on/apps/mobile/build/ios/iphonesimulator/Runner.app/fr.lproj/Localizable.strings: com.apple.provenance
REDACTED_PRIVATE_TEMP/production-flag_on/apps/mobile/build/ios/iphonesimulator/Runner.app/fr.lproj: com.apple.provenance
REDACTED_PRIVATE_TEMP/production-flag_on/apps/mobile/build/ios/iphonesimulator/Runner.app/Frameworks/Flutter.framework/_CodeSignature/CodeResources: com.apple.provenance
REDACTED_PRIVATE_TEMP/production-flag_on/apps/mobile/build/ios/iphonesimulator/Runner.app/Frameworks/Flutter.framework/_CodeSignature: com.apple.provenance
REDACTED_PRIVATE_TEMP/production-flag_on/apps/mobile/build/ios/iphonesimulator/Runner.app/Frameworks/Flutter.framework/icudtl.dat: com.apple.provenance
REDACTED_PRIVATE_TEMP/production-flag_on/apps/mobile/build/ios/iphonesimulator/Runner.app/Frameworks/Flutter.framework/Flutter: com.apple.provenance
REDACTED_PRIVATE_TEMP/production-flag_on/apps/mobile/build/ios/iphonesimulator/Runner.app/Frameworks/Flutter.framework/Headers/FlutterSceneDelegate.h: com.apple.provenance
REDACTED_PRIVATE_TEMP/production-flag_on/apps/mobile/build/ios/iphonesimulator/Runner.app/Frameworks/Flutter.framework/Headers/FlutterEngine.h: com.apple.provenance
REDACTED_PRIVATE_TEMP/production-flag_on/apps/mobile/build/ios/iphonesimulator/Runner.app/Frameworks/Flutter.framework/Headers/FlutterChannels.h: com.apple.provenance
REDACTED_PRIVATE_TEMP/production-flag_on/apps/mobile/build/ios/iphonesimulator/Runner.app/Frameworks/Flutter.framework/Headers/FlutterPlugin.h: com.apple.provenance
REDACTED_PRIVATE_TEMP/production-flag_on/apps/mobile/build/ios/iphonesimulator/Runner.app/Frameworks/Flutter.framework/Headers/FlutterAppDelegate.h: com.apple.provenance
REDACTED_PRIVATE_TEMP/production-flag_on/apps/mobile/build/ios/iphonesimulator/Runner.app/Frameworks/Flutter.framework/Headers/FlutterTexture.h: com.apple.provenance
REDACTED_PRIVATE_TEMP/production-flag_on/apps/mobile/build/ios/iphonesimulator/Runner.app/Frameworks/Flutter.framework/Headers/FlutterEngineGroup.h: com.apple.provenance
REDACTED_PRIVATE_TEMP/production-flag_on/apps/mobile/build/ios/iphonesimulator/Runner.app/Frameworks/Flutter.framework/Headers/FlutterPlatformViews.h: com.apple.provenance
REDACTED_PRIVATE_TEMP/production-flag_on/apps/mobile/build/ios/iphonesimulator/Runner.app/Frameworks/Flutter.framework/Headers/FlutterHeadlessDartRunner.h: com.apple.provenance
REDACTED_PRIVATE_TEMP/production-flag_on/apps/mobile/build/ios/iphonesimulator/Runner.app/Frameworks/Flutter.framework/Headers/FlutterCodecs.h: com.apple.provenance
REDACTED_PRIVATE_TEMP/production-flag_on/apps/mobile/build/ios/iphonesimulator/Runner.app/Frameworks/Flutter.framework/Headers/Flutter.h: com.apple.provenance
REDACTED_PRIVATE_TEMP/production-flag_on/apps/mobile/build/ios/iphonesimulator/Runner.app/Frameworks/Flutter.framework/Headers/FlutterViewController.h: com.apple.provenance
REDACTED_PRIVATE_TEMP/production-flag_on/apps/mobile/build/ios/iphonesimulator/Runner.app/Frameworks/Flutter.framework/Headers/FlutterMacros.h: com.apple.provenance
REDACTED_PRIVATE_TEMP/production-flag_on/apps/mobile/build/ios/iphonesimulator/Runner.app/Frameworks/Flutter.framework/Headers/FlutterDartProject.h: com.apple.provenance
REDACTED_PRIVATE_TEMP/production-flag_on/apps/mobile/build/ios/iphonesimulator/Runner.app/Frameworks/Flutter.framework/Headers/FlutterHourFormat.h: com.apple.provenance
REDACTED_PRIVATE_TEMP/production-flag_on/apps/mobile/build/ios/iphonesimulator/Runner.app/Frameworks/Flutter.framework/Headers/FlutterPluginAppLifeCycleDelegate.h: com.apple.provenance
REDACTED_PRIVATE_TEMP/production-flag_on/apps/mobile/build/ios/iphonesimulator/Runner.app/Frameworks/Flutter.framework/Headers/FlutterBinaryMessenger.h: com.apple.provenance
REDACTED_PRIVATE_TEMP/production-flag_on/apps/mobile/build/ios/iphonesimulator/Runner.app/Frameworks/Flutter.framework/Headers/FlutterCallbackCache.h: com.apple.provenance
REDACTED_PRIVATE_TEMP/production-flag_on/apps/mobile/build/ios/iphonesimulator/Runner.app/Frameworks/Flutter.framework/Headers/FlutterSceneLifeCycle.h: com.apple.provenance
REDACTED_PRIVATE_TEMP/production-flag_on/apps/mobile/build/ios/iphonesimulator/Runner.app/Frameworks/Flutter.framework/Headers: com.apple.provenance
REDACTED_PRIVATE_TEMP/production-flag_on/apps/mobile/build/ios/iphonesimulator/Runner.app/Frameworks/Flutter.framework/PrivacyInfo.xcprivacy: com.apple.provenance
REDACTED_PRIVATE_TEMP/production-flag_on/apps/mobile/build/ios/iphonesimulator/Runner.app/Frameworks/Flutter.framework/Modules/module.modulemap: com.apple.provenance
REDACTED_PRIVATE_TEMP/production-flag_on/apps/mobile/build/ios/iphonesimulator/Runner.app/Frameworks/Flutter.framework/Modules: com.apple.provenance
REDACTED_PRIVATE_TEMP/production-flag_on/apps/mobile/build/ios/iphonesimulator/Runner.app/Frameworks/Flutter.framework/Info.plist: com.apple.provenance
REDACTED_PRIVATE_TEMP/production-flag_on/apps/mobile/build/ios/iphonesimulator/Runner.app/Frameworks/Flutter.framework: com.apple.provenance
REDACTED_PRIVATE_TEMP/production-flag_on/apps/mobile/build/ios/iphonesimulator/Runner.app/Frameworks/App.framework/App: com.apple.provenance
REDACTED_PRIVATE_TEMP/production-flag_on/apps/mobile/build/ios/iphonesimulator/Runner.app/Frameworks/App.framework/flutter_assets/NOTICES.Z: com.apple.provenance
REDACTED_PRIVATE_TEMP/production-flag_on/apps/mobile/build/ios/iphonesimulator/Runner.app/Frameworks/App.framework/flutter_assets/NativeAssetsManifest.json: com.apple.provenance
REDACTED_PRIVATE_TEMP/production-flag_on/apps/mobile/build/ios/iphonesimulator/Runner.app/Frameworks/App.framework/flutter_assets/vm_snapshot_data: com.apple.provenance
REDACTED_PRIVATE_TEMP/production-flag_on/apps/mobile/build/ios/iphonesimulator/Runner.app/Frameworks/App.framework/flutter_assets/isolate_snapshot_data: com.apple.provenance
REDACTED_PRIVATE_TEMP/production-flag_on/apps/mobile/build/ios/iphonesimulator/Runner.app/Frameworks/App.framework/flutter_assets/kernel_blob.bin: com.apple.provenance
REDACTED_PRIVATE_TEMP/production-flag_on/apps/mobile/build/ios/iphonesimulator/Runner.app/Frameworks/App.framework/flutter_assets/FontManifest.json: com.apple.provenance
REDACTED_PRIVATE_TEMP/production-flag_on/apps/mobile/build/ios/iphonesimulator/Runner.app/Frameworks/App.framework/flutter_assets/packages/cupertino_icons/assets/CupertinoIcons.ttf: com.apple.provenance
REDACTED_PRIVATE_TEMP/production-flag_on/apps/mobile/build/ios/iphonesimulator/Runner.app/Frameworks/App.framework/flutter_assets/packages/cupertino_icons/assets: com.apple.provenance
REDACTED_PRIVATE_TEMP/production-flag_on/apps/mobile/build/ios/iphonesimulator/Runner.app/Frameworks/App.framework/flutter_assets/packages/cupertino_icons: com.apple.provenance
REDACTED_PRIVATE_TEMP/production-flag_on/apps/mobile/build/ios/iphonesimulator/Runner.app/Frameworks/App.framework/flutter_assets/packages: com.apple.provenance
REDACTED_PRIVATE_TEMP/production-flag_on/apps/mobile/build/ios/iphonesimulator/Runner.app/Frameworks/App.framework/flutter_assets/shaders/ink_sparkle.frag: com.apple.provenance
REDACTED_PRIVATE_TEMP/production-flag_on/apps/mobile/build/ios/iphonesimulator/Runner.app/Frameworks/App.framework/flutter_assets/shaders/stretch_effect.frag: com.apple.provenance
REDACTED_PRIVATE_TEMP/production-flag_on/apps/mobile/build/ios/iphonesimulator/Runner.app/Frameworks/App.framework/flutter_assets/shaders: com.apple.provenance
REDACTED_PRIVATE_TEMP/production-flag_on/apps/mobile/build/ios/iphonesimulator/Runner.app/Frameworks/App.framework/flutter_assets/lib/l10n_regional/app_regional_zh.arb: com.apple.provenance
REDACTED_PRIVATE_TEMP/production-flag_on/apps/mobile/build/ios/iphonesimulator/Runner.app/Frameworks/App.framework/flutter_assets/lib/l10n_regional/app_regional_ti.arb: com.apple.provenance
REDACTED_PRIVATE_TEMP/production-flag_on/apps/mobile/build/ios/iphonesimulator/Runner.app/Frameworks/App.framework/flutter_assets/lib/l10n_regional/app_regional_vs.arb: com.apple.provenance
REDACTED_PRIVATE_TEMP/production-flag_on/apps/mobile/build/ios/iphonesimulator/Runner.app/Frameworks/App.framework/flutter_assets/lib/l10n_regional: com.apple.provenance
REDACTED_PRIVATE_TEMP/production-flag_on/apps/mobile/build/ios/iphonesimulator/Runner.app/Frameworks/App.framework/flutter_assets/lib: com.apple.provenance
REDACTED_PRIVATE_TEMP/production-flag_on/apps/mobile/build/ios/iphonesimulator/Runner.app/Frameworks/App.framework/flutter_assets/AssetManifest.bin: com.apple.provenance
REDACTED_PRIVATE_TEMP/production-flag_on/apps/mobile/build/ios/iphonesimulator/Runner.app/Frameworks/App.framework/flutter_assets/fonts/MaterialIcons-Regular.otf: com.apple.provenance
REDACTED_PRIVATE_TEMP/production-flag_on/apps/mobile/build/ios/iphonesimulator/Runner.app/Frameworks/App.framework/flutter_assets/fonts: com.apple.provenance
REDACTED_PRIVATE_TEMP/production-flag_on/apps/mobile/build/ios/iphonesimulator/Runner.app/Frameworks/App.framework/flutter_assets/assets/config/pillar_3a_limits.json: com.apple.provenance
REDACTED_PRIVATE_TEMP/production-flag_on/apps/mobile/build/ios/iphonesimulator/Runner.app/Frameworks/App.framework/flutter_assets/assets/config/tax_scales.json: com.apple.provenance
REDACTED_PRIVATE_TEMP/production-flag_on/apps/mobile/build/ios/iphonesimulator/Runner.app/Frameworks/App.framework/flutter_assets/assets/config/tax_scales_2024.json: com.apple.provenance
REDACTED_PRIVATE_TEMP/production-flag_on/apps/mobile/build/ios/iphonesimulator/Runner.app/Frameworks/App.framework/flutter_assets/assets/config/personas.json: com.apple.provenance
REDACTED_PRIVATE_TEMP/production-flag_on/apps/mobile/build/ios/iphonesimulator/Runner.app/Frameworks/App.framework/flutter_assets/assets/config/commune_multipliers.json: com.apple.provenance
REDACTED_PRIVATE_TEMP/production-flag_on/apps/mobile/build/ios/iphonesimulator/Runner.app/Frameworks/App.framework/flutter_assets/assets/config: com.apple.provenance
REDACTED_PRIVATE_TEMP/production-flag_on/apps/mobile/build/ios/iphonesimulator/Runner.app/Frameworks/App.framework/flutter_assets/assets/fonts/LibreFranklin-Regular.ttf: com.apple.provenance
REDACTED_PRIVATE_TEMP/production-flag_on/apps/mobile/build/ios/iphonesimulator/Runner.app/Frameworks/App.framework/flutter_assets/assets/fonts/LibreFranklin-Bold.ttf: com.apple.provenance
REDACTED_PRIVATE_TEMP/production-flag_on/apps/mobile/build/ios/iphonesimulator/Runner.app/Frameworks/App.framework/flutter_assets/assets/fonts/LibreFranklin-OFL.txt: com.apple.provenance
REDACTED_PRIVATE_TEMP/production-flag_on/apps/mobile/build/ios/iphonesimulator/Runner.app/Frameworks/App.framework/flutter_assets/assets/fonts: com.apple.provenance
REDACTED_PRIVATE_TEMP/production-flag_on/apps/mobile/build/ios/iphonesimulator/Runner.app/Frameworks/App.framework/flutter_assets/assets: com.apple.provenance
REDACTED_PRIVATE_TEMP/production-flag_on/apps/mobile/build/ios/iphonesimulator/Runner.app/Frameworks/App.framework/flutter_assets: com.apple.provenance
REDACTED_PRIVATE_TEMP/production-flag_on/apps/mobile/build/ios/iphonesimulator/Runner.app/Frameworks/App.framework/Info.plist: com.apple.provenance
REDACTED_PRIVATE_TEMP/production-flag_on/apps/mobile/build/ios/iphonesimulator/Runner.app/Frameworks/App.framework: com.apple.provenance
REDACTED_PRIVATE_TEMP/production-flag_on/apps/mobile/build/ios/iphonesimulator/Runner.app/Frameworks: com.apple.provenance
REDACTED_PRIVATE_TEMP/production-flag_on/apps/mobile/build/ios/iphonesimulator/Runner.app/Info.plist: com.apple.provenance
REDACTED_PRIVATE_TEMP/production-flag_on/apps/mobile/build/ios/iphonesimulator/Runner.app/package_info_plus_privacy.bundle/PrivacyInfo.xcprivacy: com.apple.provenance
REDACTED_PRIVATE_TEMP/production-flag_on/apps/mobile/build/ios/iphonesimulator/Runner.app/package_info_plus_privacy.bundle/Info.plist: com.apple.provenance
REDACTED_PRIVATE_TEMP/production-flag_on/apps/mobile/build/ios/iphonesimulator/Runner.app/package_info_plus_privacy.bundle: com.apple.provenance
REDACTED_PRIVATE_TEMP/production-flag_on/apps/mobile/build/ios/iphonesimulator/Runner.app/sqflite_sqlcipher_ios_privacy.bundle/PrivacyInfo.xcprivacy: com.apple.provenance
REDACTED_PRIVATE_TEMP/production-flag_on/apps/mobile/build/ios/iphonesimulator/Runner.app/sqflite_sqlcipher_ios_privacy.bundle/Info.plist: com.apple.provenance
REDACTED_PRIVATE_TEMP/production-flag_on/apps/mobile/build/ios/iphonesimulator/Runner.app/sqflite_sqlcipher_ios_privacy.bundle: com.apple.provenance
REDACTED_PRIVATE_TEMP/production-flag_on/apps/mobile/build/ios/iphonesimulator/Runner.app/PkgInfo: com.apple.provenance
REDACTED_PRIVATE_TEMP/production-flag_on/apps/mobile/build/ios/iphonesimulator/Runner.app: com.apple.provenance
