WARNING: A restricted method in java.lang.System has been called
WARNING: java.lang.System::load has been called by org.fusesource.jansi.internal.JansiLoader in an unnamed module (file:/Users/julienbattaglia/.maestro/lib/jansi-2.4.1.jar)
WARNING: Use --enable-native-access=ALL-UNNAMED to avoid a warning for callers in this module
WARNING: Restricted methods will be blocked in a future release unless native access is enabled

Running on iPhone 17 Pro - iOS 26.2 - B03E429D-0422-4357-B754-536637D979F9
 > Flow flow_diagnostic_situation_scene
Launch app "ch.mint.app" with clear state... COMPLETED
Run flow when "Je comprends, on y va" is visible...
Run flow when "Je comprends, on y va" is visible... SKIPPED
Assert that "Parle à Mint" is visible... COMPLETED
Tap on "Parle à Mint"... COMPLETED
Assert that id: onboarding-entry-open is visible... COMPLETED
Tap on id: onboarding-entry-open... COMPLETED
Assert that id: onboarding-intent-explorer is visible... COMPLETED
Tap on id: onboarding-intent-explorer... COMPLETED
Wait for animation to end... COMPLETED
Assert that ".*États-Unis.*" is visible... COMPLETED
Tap on "Non"... COMPLETED
Wait for animation to end... COMPLETED
Assert that "Suisse" is visible... COMPLETED
Tap on "Suisse"... COMPLETED
Wait for animation to end... COMPLETED
Assert that "Salarié" is visible... COMPLETED
Tap on "Salarié"... COMPLETED
Wait for animation to end... COMPLETED
Assert that "Marié" is visible... COMPLETED
Tap on "Marié"... COMPLETED
Wait for animation to end... COMPLETED
Assert that "Non, toujours en Suisse" is visible... COMPLETED
Tap on "Non, toujours en Suisse"... COMPLETED
Wait for animation to end... COMPLETED
Assert that "Choisir ma date" is visible... COMPLETED
Tap on "Choisir ma date"... COMPLETED
Assert that "OK" is visible... COMPLETED
Tap on ".*15.*juillet.*1992.*"... COMPLETED
Tap on "OK"... COMPLETED
Assert that "15.07.1992" is visible... COMPLETED
Tap on id: onboarding-dob-continue... COMPLETED
Wait for animation to end... COMPLETED
Assert that id: onboarding-canton-vd is visible... COMPLETED
Tap on id: onboarding-canton-vd... COMPLETED
Wait for animation to end... COMPLETED
Assert that id: onboarding-revenue-range-continue is visible... COMPLETED
Tap on id: onboarding-revenue-range-continue... COMPLETED
Wait for animation to end... COMPLETED
Assert that id: onboarding-insight-view is visible... COMPLETED
Tap on id: onboarding-insight-view... COMPLETED
Wait for animation to end... COMPLETED
Assert that "Ce que Mint peut déjà situer" is visible... COMPLETED
Assert that "Repères captés" is visible... COMPLETED
Assert that "Vaud · environ 7’250 CHF/mois net" is visible... COMPLETED
Assert that "À préciser ensuite" is visible... COMPLETED
Assert that "SCENE · TA RETRAITE PROJETEE" is not visible... COMPLETED
Take screenshot 04-situation-overview... COMPLETED
