== final targeted report/retirement bundle after hook fixes ==
Resolving dependencies...
Downloading packages...
  async 2.11.0 (2.13.1 available)
  boolean_selector 2.1.1 (2.1.2 available)
  confetti 0.7.0 (0.8.0 available)
  cross_file 0.3.4+2 (0.3.5+4 available)
  cupertino_icons 1.0.8 (1.0.9 available)
  dbus 0.7.12 (0.7.14 available)
  equatable 2.0.8 (2.1.0 available)
  ffi 2.1.3 (2.2.0 available)
  file 7.0.0 (7.0.1 available)
  file_picker 8.3.7 (11.0.2 available)
  file_selector_linux 0.9.3+2 (0.9.4 available)
  file_selector_macos 0.9.4+3 (0.9.5 available)
  file_selector_platform_interface 2.6.2 (2.7.0 available)
  file_selector_windows 0.9.3+4 (0.9.3+5 available)
  fl_chart 0.70.2 (1.2.0 available)
  flutter_doc_scanner 0.0.20 (0.0.21 available)
  flutter_lints 3.0.2 (6.0.0 available)
  flutter_local_notifications 18.0.1 (22.0.1 available)
  flutter_local_notifications_linux 5.0.0 (8.0.1 available)
  flutter_local_notifications_platform_interface 8.0.0 (12.0.0 available)
  flutter_markdown 0.7.7+1 (discontinued replaced by flutter_markdown_plus)
  flutter_plugin_android_lifecycle 2.0.29 (2.0.35 available)
  flutter_secure_storage 9.2.4 (10.3.1 available)
  flutter_secure_storage_linux 1.2.3 (3.0.1 available)
  flutter_secure_storage_macos 3.1.3 (4.0.0 available)
  flutter_secure_storage_platform_interface 1.1.2 (2.0.1 available)
  flutter_secure_storage_web 1.2.1 (2.1.1 available)
  flutter_secure_storage_windows 3.1.2 (4.2.2 available)
  go_router 13.2.5 (17.3.0 available)
  google_fonts 6.3.3 (8.1.0 available)
  image 4.5.4 (4.9.1 available)
  image_picker 1.2.0 (1.2.3 available)
  image_picker_android 0.8.13 (0.8.13+19 available)
  image_picker_for_web 3.1.0 (3.1.1 available)
  image_picker_ios 0.8.13 (0.8.13+6 available)
  image_picker_macos 0.2.2 (0.2.2+1 available)
  image_picker_platform_interface 2.11.0 (2.11.1 available)
  in_app_purchase 3.2.3 (3.3.0 available)
  in_app_purchase_android 0.4.0+3 (0.5.1 available)
  in_app_purchase_platform_interface 1.4.0 (1.4.1 available)
  in_app_purchase_storekit 0.4.4 (0.4.10+1 available)
  intl 0.20.2 (0.20.3 available)
  jni 0.14.2 (1.0.0 available)
  js 0.6.7 (0.7.2 available)
  json_annotation 4.9.0 (4.12.0 available)
  lints 3.0.0 (6.1.0 available)
  matcher 0.12.19 (0.12.20 available)
  meta 1.17.0 (1.19.0 available)
  package_config 2.2.0 (3.0.0 available)
  package_info_plus 9.0.1 (10.2.0 available)
  package_info_plus_platform_interface 3.2.1 (4.1.0 available)
  path_provider 2.1.5 (2.1.6 available)
  path_provider_android 2.2.17 (2.3.1 available)
  path_provider_foundation 2.4.1 (2.6.0 available)
  path_provider_linux 2.2.1 (2.2.2 available)
  path_provider_platform_interface 2.1.2 (2.1.3 available)
  patrol_finders 3.5.0 (3.6.0 available)
  patrol_log 0.9.1 (0.10.0 available)
  pdf 3.11.3 (3.13.0 available)
  petitparser 6.0.2 (7.0.2 available)
  platform 3.1.5 (3.1.6 available)
  printing 5.14.2 (5.15.0 available)
  process 5.0.2 (5.0.5 available)
  qr 3.0.2 (4.0.0 available)
  sentry 9.14.0 (9.24.0 available)
  sentry_flutter 9.14.0 (9.24.0 available)
  shared_preferences 2.5.3 (2.5.5 available)
  shared_preferences_android 2.4.11 (2.4.26 available)
  shared_preferences_foundation 2.5.4 (2.5.6 available)
  shared_preferences_platform_interface 2.4.1 (2.4.2 available)
  sign_in_with_apple 6.1.4 (8.1.0 available)
  sign_in_with_apple_platform_interface 1.1.0 (2.0.0 available)
  sign_in_with_apple_web 2.1.1 (3.0.0 available)
  source_span 1.10.0 (1.10.2 available)
  speech_to_text 7.3.0 (7.4.0 available)
  speech_to_text_platform_interface 2.3.0 (2.4.0 available)
  speech_to_text_windows 1.0.0+beta.8 (1.0.1 available)
  sqflite_common 2.5.6 (2.5.11 available)
  string_scanner 1.3.0 (1.4.1 available)
  synchronized 3.4.0 (3.4.1 available)
  term_glyph 1.2.1 (1.2.2 available)
  test_api 0.7.10 (0.7.13 available)
  timezone 0.10.1 (0.11.1 available)
  url_launcher_android 6.3.17 (6.3.32 available)
  url_launcher_ios 6.3.3 (6.4.1 available)
  url_launcher_linux 3.2.1 (3.2.2 available)
  url_launcher_macos 3.2.2 (3.2.5 available)
  url_launcher_web 2.4.1 (2.4.3 available)
  url_launcher_windows 3.1.4 (3.1.5 available)
  vector_math 2.2.0 (2.4.0 available)
  vm_service 14.3.0 (15.2.0 available)
  webdriver 3.0.4 (3.1.0 available)
  win32 5.10.1 (6.3.0 available)
  xml 6.5.0 (7.0.1 available)
Got dependencies!
1 package is discontinued.
93 packages have newer versions incompatible with dependency constraints.
Try `flutter pub outdated` for more information.
00:00 +0: loading /Users/julienbattaglia/Desktop/MINT.nosync/apps/mobile/test/services/financial_core/replacement_rate_calculator_test.dart
00:00 +0: /Users/julienbattaglia/Desktop/MINT.nosync/apps/mobile/test/services/financial_core/replacement_rate_calculator_test.dart: ReplacementRateCalculator returns null when retirement income is unknown
00:00 +1: /Users/julienbattaglia/Desktop/MINT.nosync/apps/mobile/test/services/financial_core/replacement_rate_calculator_test.dart: ReplacementRateCalculator returns null when current income is invalid
00:00 +2: /Users/julienbattaglia/Desktop/MINT.nosync/apps/mobile/test/services/financial_core/replacement_rate_calculator_test.dart: ReplacementRateCalculator returns null when retirement income is invalid
00:00 +3: /Users/julienbattaglia/Desktop/MINT.nosync/apps/mobile/test/services/financial_core/replacement_rate_calculator_test.dart: ReplacementRateCalculator calculates a positive replacement rate
00:00 +4: /Users/julienbattaglia/Desktop/MINT.nosync/apps/mobile/test/services/financial_core/replacement_rate_calculator_test.dart: ReplacementRateCalculator caps the replacement rate at 150 percent
00:00 +5: /Users/julienbattaglia/Desktop/MINT.nosync/apps/mobile/test/models/retirement_projection_contract_test.dart: retirement projection requires an explicit current income
00:00 +6: /Users/julienbattaglia/Desktop/MINT.nosync/apps/mobile/test/services/financial_report_g1_contract_test.dart: G1 financial report retirement contract the PDF projection block uses localized copy end to end
00:00 +7: /Users/julienbattaglia/Desktop/MINT.nosync/apps/mobile/test/services/financial_report_g1_contract_test.dart: G1 financial report retirement contract the PDF projection block uses localized copy end to end
00:00 +8: /Users/julienbattaglia/Desktop/MINT.nosync/apps/mobile/test/services/financial_report_g1_contract_test.dart: G1 financial report retirement contract all six locales expose the complete PDF projection vocabulary
00:00 +9: /Users/julienbattaglia/Desktop/MINT.nosync/apps/mobile/test/services/financial_report_3a_quarantine_contract_test.dart: G1 financial report 3a quarantine the report model exposes no provider-comparison facade
00:00 +10: /Users/julienbattaglia/Desktop/MINT.nosync/apps/mobile/test/services/financial_report_3a_quarantine_contract_test.dart: G1 financial report 3a quarantine the report model exposes no provider-comparison facade
00:00 +11: /Users/julienbattaglia/Desktop/MINT.nosync/apps/mobile/test/services/financial_report_g1_contract_test.dart: G1 financial report retirement contract the report profile exposes no questionnaire-derived AVS facade
00:00 +12: /Users/julienbattaglia/Desktop/MINT.nosync/apps/mobile/test/services/financial_report_3a_quarantine_contract_test.dart: G1 financial report 3a quarantine the report service creates no 3a point or provider ranking
00:00 +13: /Users/julienbattaglia/Desktop/MINT.nosync/apps/mobile/test/services/financial_report_g1_contract_test.dart: G1 financial report retirement contract the report service never invents an LPP point projection
00:00 +14: /Users/julienbattaglia/Desktop/MINT.nosync/apps/mobile/test/services/financial_report_3a_quarantine_contract_test.dart: G1 financial report 3a quarantine the report screen owns no 3a chip or comparator
00:00 +15: /Users/julienbattaglia/Desktop/MINT.nosync/apps/mobile/test/services/financial_report_3a_quarantine_contract_test.dart: G1 financial report 3a quarantine UI and PDF keep 3a pending without formatting a point
00:00 +16: /Users/julienbattaglia/Desktop/MINT.nosync/apps/mobile/test/services/avs_logic_test.dart: couple inputs never manufacture an AVS amount in the report
reg() FALLBACK: pillar3a.max_with_lpp → 7258.0 (cache miss, logged once)
00:00 +16: /Users/julienbattaglia/Desktop/MINT.nosync/apps/mobile/test/services/financial_report_service_test.dart: Report generation generates report from minimal answers without throwing
reg() FALLBACK: pillar3a.max_with_lpp → 7258.0 (cache miss, logged once)
00:00 +16: /Users/julienbattaglia/Desktop/MINT.nosync/apps/mobile/test/services/avs_logic_test.dart: couple inputs never manufacture an AVS amount in the report
reg() FALLBACK: lpp.conversion_rate_min → 0.068 (cache miss, logged once)
reg() FALLBACK: lpp.coordination_deduction → 26460.0 (cache miss, logged once)
reg() FALLBACK: lpp.min_coordinated_salary → 3780.0 (cache miss, logged once)
reg() FALLBACK: avs.reference_age_men → 65.0 (cache miss, logged once)
reg() FALLBACK: avs.contribution_rate_employee → 0.053 (cache miss, logged once)
reg() FALLBACK: lpp.entry_threshold → 22680.0 (cache miss, logged once)
reg() FALLBACK: lpp.max_coordinated_salary → 64260.0 (cache miss, logged once)
00:00 +16: /Users/julienbattaglia/Desktop/MINT.nosync/apps/mobile/test/services/financial_report_service_test.dart: Report generation generates report from minimal answers without throwing
reg() FALLBACK: lpp.conversion_rate_min → 0.068 (cache miss, logged once)
reg() FALLBACK: lpp.coordination_deduction → 26460.0 (cache miss, logged once)
reg() FALLBACK: lpp.min_coordinated_salary → 3780.0 (cache miss, logged once)
reg() FALLBACK: avs.reference_age_men → 65.0 (cache miss, logged once)
reg() FALLBACK: avs.contribution_rate_employee → 0.053 (cache miss, logged once)
reg() FALLBACK: lpp.entry_threshold → 22680.0 (cache miss, logged once)
reg() FALLBACK: lpp.max_coordinated_salary → 64260.0 (cache miss, logged once)
reg() FALLBACK: avs.full_contribution_years → 44.0 (cache miss, logged once)
00:00 +17: /Users/julienbattaglia/Desktop/MINT.nosync/apps/mobile/test/services/financial_report_service_test.dart: Report generation generates report from minimal answers without throwing
00:00 +18: /Users/julienbattaglia/Desktop/MINT.nosync/apps/mobile/test/services/financial_report_service_test.dart: Report generation report contains all required sections
00:00 +19: /Users/julienbattaglia/Desktop/MINT.nosync/apps/mobile/test/services/financial_report_service_test.dart: Report generation report from full answers includes optional sections
00:00 +20: /Users/julienbattaglia/Desktop/MINT.nosync/apps/mobile/test/services/financial_report_service_test.dart: Report generation report generatedAt is close to now
00:00 +21: /Users/julienbattaglia/Desktop/MINT.nosync/apps/mobile/test/services/financial_report_service_test.dart: UserProfile building defaults canton to ZH when missing
00:00 +22: /Users/julienbattaglia/Desktop/MINT.nosync/apps/mobile/test/services/financial_report_service_test.dart: UserProfile building defaults civilStatus to single when missing
00:00 +23: /Users/julienbattaglia/Desktop/MINT.nosync/apps/mobile/test/services/financial_report_service_test.dart: UserProfile building correctly identifies married profile
00:00 +24: /Users/julienbattaglia/Desktop/MINT.nosync/apps/mobile/test/services/financial_report_service_test.dart: UserProfile building computes annual income from monthly net income
00:00 +25: /Users/julienbattaglia/Desktop/MINT.nosync/apps/mobile/test/services/financial_report_service_test.dart: UserProfile building defaults monthly income to 5000 when missing
00:00 +26: /Users/julienbattaglia/Desktop/MINT.nosync/apps/mobile/test/services/financial_report_service_test.dart: UserProfile building parses children count from string
00:00 +27: /Users/julienbattaglia/Desktop/MINT.nosync/apps/mobile/test/services/financial_report_service_test.dart: UserProfile building hasChildren is false when 0 children
00:00 +28: /Users/julienbattaglia/Desktop/MINT.nosync/apps/mobile/test/services/financial_report_service_test.dart: UserProfile building isSalaried correctly reflects employment status
reg() FALLBACK: pillar3a.max_without_lpp → 36288.0 (cache miss, logged once)
00:00 +29: /Users/julienbattaglia/Desktop/MINT.nosync/apps/mobile/test/services/financial_report_service_test.dart: Tax simulation computes positive total tax for standard income
00:00 +30: /Users/julienbattaglia/Desktop/MINT.nosync/apps/mobile/test/services/financial_report_service_test.dart: Tax simulation effective rate is between 0 and 1
00:00 +31: /Users/julienbattaglia/Desktop/MINT.nosync/apps/mobile/test/services/financial_report_service_test.dart: Tax simulation cantonal + federal equals total tax
00:00 +32: /Users/julienbattaglia/Desktop/MINT.nosync/apps/mobile/test/services/financial_report_service_test.dart: Tax simulation cantonal tax is approximately 75% of total
00:00 +33: /Users/julienbattaglia/Desktop/MINT.nosync/apps/mobile/test/services/financial_report_service_test.dart: Tax simulation married profile gets lower effective rate
00:00 +34: /Users/julienbattaglia/Desktop/MINT.nosync/apps/mobile/test/services/financial_report_service_test.dart: Tax simulation 3a contribution appears in deductions
00:00 +35: /Users/julienbattaglia/Desktop/MINT.nosync/apps/mobile/test/services/financial_report_service_test.dart: Tax simulation children deduction = federal + cantonal per child (LIFD art. 35 + LHID art. 9)
00:00 +36: /Users/julienbattaglia/Desktop/MINT.nosync/apps/mobile/test/services/financial_report_service_test.dart: Tax simulation LPP buyback triggers tax comparison when available > 50k
00:00 +37: /Users/julienbattaglia/Desktop/MINT.nosync/apps/mobile/test/services/financial_report_service_test.dart: Tax simulation no LPP buyback comparison when available <= 50k
00:00 +38: /Users/julienbattaglia/Desktop/MINT.nosync/apps/mobile/test/services/financial_report_service_test.dart: Retirement projection returns null when years to retirement <= 0
00:00 +39: /Users/julienbattaglia/Desktop/MINT.nosync/apps/mobile/test/services/financial_report_service_test.dart: Retirement projection returns projection for working-age person
00:00 +40: /Users/julienbattaglia/Desktop/MINT.nosync/apps/mobile/test/services/financial_report_service_test.dart: Retirement projection retirement point capitals stay null without reviewed evidence
00:00 +41: /Users/julienbattaglia/Desktop/MINT.nosync/apps/mobile/test/services/financial_report_service_test.dart: Retirement projection official AVS amount stays null until reviewed evidence is wired
00:00 +42: /Users/julienbattaglia/Desktop/MINT.nosync/apps/mobile/test/services/financial_report_service_test.dart: Retirement projection retirement total stays null while official AVS is unknown
00:00 +43: /Users/julienbattaglia/Desktop/MINT.nosync/apps/mobile/test/services/financial_report_service_test.dart: Retirement projection replacement rate stays null while official AVS is unknown
00:00 +44: /Users/julienbattaglia/Desktop/MINT.nosync/apps/mobile/test/services/financial_report_service_test.dart: Retirement projection replacement rate stays null when current income is not known
00:00 +45: /Users/julienbattaglia/Desktop/MINT.nosync/apps/mobile/test/services/financial_report_service_test.dart: Retirement projection replacement rate stays null while the LPP pension is unknown
00:00 +46: /Users/julienbattaglia/Desktop/MINT.nosync/apps/mobile/test/services/financial_report_service_test.dart: Retirement projection replacement rate uses the actual current monthly income
00:00 +47: /Users/julienbattaglia/Desktop/MINT.nosync/apps/mobile/test/services/financial_report_service_test.dart: Retirement projection replacement rate is capped at 150 percent
00:00 +48: /Users/julienbattaglia/Desktop/MINT.nosync/apps/mobile/test/services/financial_report_service_test.dart: LPP buyback strategy returns null when buyback available < 10000
00:00 +49: /Users/julienbattaglia/Desktop/MINT.nosync/apps/mobile/test/services/financial_report_service_test.dart: LPP buyback strategy returns strategy when buyback available >= 10000
00:00 +50: /Users/julienbattaglia/Desktop/MINT.nosync/apps/mobile/test/services/financial_report_service_test.dart: LPP buyback strategy yearly plan sums to total buyback available
00:00 +51: /Users/julienbattaglia/Desktop/MINT.nosync/apps/mobile/test/services/financial_report_service_test.dart: LPP buyback strategy total tax savings is positive
00:00 +52: /Users/julienbattaglia/Desktop/MINT.nosync/apps/mobile/test/services/financial_report_service_test.dart: Priority actions returns at most 3 priority actions
00:00 +53: /Users/julienbattaglia/Desktop/MINT.nosync/apps/mobile/test/services/financial_report_service_test.dart: Priority actions actions with debt should include debt-related action
00:00 +54: /Users/julienbattaglia/Desktop/MINT.nosync/apps/mobile/test/services/financial_report_service_test.dart: Priority actions roadmap has at least one phase
00:00 +55: /Users/julienbattaglia/Desktop/MINT.nosync/apps/mobile/test/services/financial_report_service_test.dart: Priority actions roadmap immediate phase is labeled correctly
00:00 +56: /Users/julienbattaglia/Desktop/MINT.nosync/apps/mobile/test/services/financial_report_service_test.dart: Edge cases empty answers map does not throw
00:00 +57: /Users/julienbattaglia/Desktop/MINT.nosync/apps/mobile/test/services/financial_report_service_test.dart: Edge cases empty answers use all defaults
00:00 +58: /Users/julienbattaglia/Desktop/MINT.nosync/apps/mobile/test/services/financial_report_service_test.dart: Edge cases zero income produces valid report
00:00 +59: /Users/julienbattaglia/Desktop/MINT.nosync/apps/mobile/test/services/financial_report_service_test.dart: Edge cases very high income produces valid report
00:00 +60: /Users/julienbattaglia/Desktop/MINT.nosync/apps/mobile/test/services/financial_report_service_test.dart: Edge cases birth year as string is parsed correctly
00:00 +61: /Users/julienbattaglia/Desktop/MINT.nosync/apps/mobile/test/services/financial_report_service_test.dart: Edge cases income as int is handled correctly
00:00 +62: /Users/julienbattaglia/Desktop/MINT.nosync/apps/mobile/test/services/financial_report_service_test.dart: UserProfile computed properties yearsToRetirement is 65 - age
00:00 +63: /Users/julienbattaglia/Desktop/MINT.nosync/apps/mobile/test/services/retirement_projection_service_test.dart: RetirementProjectionService.project — B2 AVS hard floor all declared statuses stay partial
reg() FALLBACK: avs.reference_age_men → 65.0 (cache miss, logged once)
reg() FALLBACK: lpp.entry_threshold → 22680.0 (cache miss, logged once)
reg() FALLBACK: lpp.coordination_deduction → 26460.0 (cache miss, logged once)
reg() FALLBACK: lpp.min_coordinated_salary → 3780.0 (cache miss, logged once)
reg() FALLBACK: lpp.max_coordinated_salary → 64260.0 (cache miss, logged once)
reg() FALLBACK: pillar3a.max_with_lpp → 7258.0 (cache miss, logged once)
reg() FALLBACK: projection.safe_withdrawal_rate → 0.04 (cache miss, logged once)
00:00 +64: /Users/julienbattaglia/Desktop/MINT.nosync/apps/mobile/test/services/retirement_projection_service_test.dart: RetirementProjectionService.project — B2 AVS hard floor certificate-backed gap and legacy AVS amounts stay partial
00:00 +65: /Users/julienbattaglia/Desktop/MINT.nosync/apps/mobile/test/services/retirement_projection_service_test.dart: RetirementProjectionService.project — B2 AVS hard floor legacy complete couple inputs never unlock household AVS
00:00 +66: /Users/julienbattaglia/Desktop/MINT.nosync/apps/mobile/test/services/retirement_projection_service_test.dart: RetirementProjectionService.project — B2 AVS hard floor married profile without conjoint remains partial
00:00 +67: /Users/julienbattaglia/Desktop/MINT.nosync/apps/mobile/test/services/retirement_projection_service_test.dart: RetirementProjectionService.project — B2 AVS hard floor invalid current income keeps total rate and budget unknown
00:00 +68: /Users/julienbattaglia/Desktop/MINT.nosync/apps/mobile/test/services/retirement_projection_service_test.dart: RetirementProjectionService.project — B2 AVS hard floor legacy AVS metadata cannot change known non-AVS income
00:00 +69: /Users/julienbattaglia/Desktop/MINT.nosync/apps/mobile/test/services/retirement_projection_service_test.dart: RetirementProjectionService.project — B2 AVS hard floor missing spouse age and salary add no synthetic LPP bonifications
00:00 +70: /Users/julienbattaglia/Desktop/MINT.nosync/apps/mobile/test/services/retirement_projection_service_test.dart: RetirementProjectionService.project — B2 AVS hard floor capital withdrawal changes non-AVS income without unlocking AVS
00:00 +71: /Users/julienbattaglia/Desktop/MINT.nosync/apps/mobile/test/services/retirement_projection_service_test.dart: RetirementProjectionService.project — non-AVS contract standard salaried profile preserves capital-derived income
00:00 +72: /Users/julienbattaglia/Desktop/MINT.nosync/apps/mobile/test/services/retirement_projection_service_test.dart: RetirementProjectionService.project — non-AVS contract independant without LPP preserves 3a and free assets only
00:00 +73: /Users/julienbattaglia/Desktop/MINT.nosync/apps/mobile/test/services/retirement_projection_service_test.dart: RetirementProjectionService.project — non-AVS contract restored non-AVS regression matrix salaireAssure absent falls back to gross salary
00:00 +74: /Users/julienbattaglia/Desktop/MINT.nosync/apps/mobile/test/services/retirement_projection_service_test.dart: RetirementProjectionService.project — non-AVS contract restored non-AVS regression matrix salaireAssure zero falls back to gross salary
00:00 +75: /Users/julienbattaglia/Desktop/MINT.nosync/apps/mobile/test/services/retirement_projection_service_test.dart: RetirementProjectionService.project — non-AVS contract restored non-AVS regression matrix salaireAssure below entry threshold adds no bonifications
00:00 +76: /Users/julienbattaglia/Desktop/MINT.nosync/apps/mobile/test/services/retirement_projection_service_test.dart: RetirementProjectionService.project — non-AVS contract restored non-AVS regression matrix salary below LPP entry threshold compounds balance only
00:00 +77: /Users/julienbattaglia/Desktop/MINT.nosync/apps/mobile/test/services/retirement_projection_service_test.dart: RetirementProjectionService.project — non-AVS contract restored non-AVS regression matrix salary at LPP entry threshold applies bonifications
00:00 +78: /Users/julienbattaglia/Desktop/MINT.nosync/apps/mobile/test/services/retirement_projection_service_test.dart: RetirementProjectionService.project — non-AVS contract restored non-AVS regression matrix independant without LPP uses the higher 3a ceiling
reg() FALLBACK: pillar3a.max_without_lpp → 36288.0 (cache miss, logged once)
00:00 +79: /Users/julienbattaglia/Desktop/MINT.nosync/apps/mobile/test/services/retirement_projection_service_test.dart: RetirementProjectionService.project — non-AVS contract restored non-AVS regression matrix conjoint unable to contribute does not double the 3a ceiling
00:00 +80: /Users/julienbattaglia/Desktop/MINT.nosync/apps/mobile/test/services/retirement_projection_service_test.dart: RetirementProjectionService.project — non-AVS contract restored non-AVS regression matrix default LPP strategy is the explicit rente strategy
00:00 +81: /Users/julienbattaglia/Desktop/MINT.nosync/apps/mobile/test/services/retirement_projection_service_test.dart: RetirementProjectionService.project — non-AVS contract restored non-AVS regression matrix LPP rente income is above mixte, which is above capital
00:00 +82: /Users/julienbattaglia/Desktop/MINT.nosync/apps/mobile/test/services/retirement_projection_service_test.dart: RetirementProjectionService.project — non-AVS contract restored non-AVS regression matrix married capital taxation leaves more income than single
00:00 +83: /Users/julienbattaglia/Desktop/MINT.nosync/apps/mobile/test/services/retirement_projection_service_test.dart: RetirementProjectionService.project — non-AVS contract restored non-AVS regression matrix conjoint-first age gap does not truncate the household 3a horizon
00:00 +84: /Users/julienbattaglia/Desktop/MINT.nosync/apps/mobile/test/services/retirement_projection_service_test.dart: RetirementProjectionService.project — non-AVS contract restored non-AVS regression matrix disclaimer contains no ComplianceGuard banned term
00:00 +85: /Users/julienbattaglia/Desktop/MINT.nosync/apps/mobile/test/services/retirement_projection_service_test.dart: RetirementProjectionService.project — non-AVS contract restored non-AVS regression matrix concubin couple uses non-married capital taxation
00:00 +86: /Users/julienbattaglia/Desktop/MINT.nosync/apps/mobile/test/services/retirement_projection_service_test.dart: RetirementProjectionService.project — non-AVS contract restored non-AVS regression matrix young worker keeps positive non-AVS LPP income
00:00 +87: /Users/julienbattaglia/Desktop/MINT.nosync/apps/mobile/test/services/retirement_projection_service_test.dart: RetirementProjectionService.project — non-AVS contract disclaimer contains required compliance text
00:00 +88: /Users/julienbattaglia/Desktop/MINT.nosync/apps/mobile/test/services/retirement_projection_service_test.dart: RetirementProjectionService.project — non-AVS contract sources reference LAVS LPP and LIFD articles
00:00 +89: /Users/julienbattaglia/Desktop/MINT.nosync/apps/mobile/test/services/retirement_projection_service_test.dart: RetirementProjectionService.project — non-AVS contract formatChf keeps Swiss formatting
00:00 +90: /Users/julienbattaglia/Desktop/MINT.nosync/apps/mobile/test/services/retirement_projection_service_test.dart: RetirementProjectionService — data model unit tests RetirementIncomeSource.annualAmount = monthly * 12
00:00 +91: /Users/julienbattaglia/Desktop/MINT.nosync/apps/mobile/test/services/retirement_projection_service_test.dart: RetirementProjectionService — data model unit tests RetirementPhase.totalMonthly sums all sources
00:01 +92: /Users/julienbattaglia/Desktop/MINT.nosync/apps/mobile/test/navigation_route_integrity_test.dart: FIX-191: parameterized routes match concrete path segments
00:01 +93: /Users/julienbattaglia/Desktop/MINT.nosync/apps/mobile/test/navigation_route_integrity_test.dart: FIX-191: all static context.push targets match a GoRoute path
00:01 +94: /Users/julienbattaglia/Desktop/MINT.nosync/apps/mobile/test/widgets/report/retirement_projection_card_test.dart: shows AVS, LPP, and 3a pending with their real evidence routes
00:02 +95: All tests passed!
