WARNING: A restricted method in java.lang.System has been called
WARNING: java.lang.System::load has been called by org.fusesource.jansi.internal.JansiLoader in an unnamed module (file:/Users/julienbattaglia/.maestro/lib/jansi-2.4.1.jar)
WARNING: Use --enable-native-access=ALL-UNNAMED to avoid a warning for callers in this module
WARNING: Restricted methods will be blocked in a future release unless native access is enabled

Running on iPhone 17 Pro - iOS 26.2 - B03E429D-0422-4357-B754-536637D979F9
 > Flow r4_persistence
Stop ch.mint.app... COMPLETED
Launch app "ch.mint.app" with clear state... COMPLETED
Tap on (Optional) "Cancel"... WARNED


 Warning: Element not found: Text matching regex: Cancel
Open mint:///data-block/revenu... COMPLETED
Assert that id: salary_input is visible... COMPLETED
Tap on id: salary_input... COMPLETED
Input text 96000... COMPLETED
Tap on id: canton_picker... COMPLETED
Input text GE... COMPLETED
Tap on id: birth_year_input... COMPLETED
Input text 2001... COMPLETED
Tap on id: has_pension_fund_switch... COMPLETED
Scrolling DOWN until id: salary_save_cta is visible with speed 5, visibility percentage 20%, timeout 20000 ms, with centering enabled... COMPLETED
Tap on id: salary_save_cta... COMPLETED
Assert that id: data_block_save_success is visible... COMPLETED
Stop ch.mint.app... COMPLETED
Launch app "ch.mint.app"... COMPLETED
Open mint:///hypotheque... COMPLETED
Assert that id: mortgage_afford_result is visible... COMPLETED
Scrolling DOWN until id: mortgage_income_amount is visible with speed 5, visibility percentage 20%, timeout 20000 ms, with centering enabled... COMPLETED
Assert that id: mortgage_income_amount is visible... COMPLETED
Assert that ".*CHF.*96'000.*" is visible... FAILED

Assertion is false: ".*CHF.*96'000.*" is visible

Assertion '".*CHF.*96'000.*" is visible' failed. Check the UI hierarchy in debug artifacts to verify the element state and properties.

Possible causes:
- Element selector may be incorrect - check if there are similar elements with slightly different names/properties.
- Element may be temporarily unavailable due to loading state
- This could be a real regression that needs to be addressed

==== Debug output (logs & screenshots) ====

/Users/julienbattaglia/.maestro/tests/2026-07-12_173357
